Archive member included to satisfy reference by file (symbol)

c:/program files (x86)/atollic/truestudio for stm32 9.3.0/armtools/bin/../lib/gcc/arm-atollic-eabi/6.3.1/../../../../arm-atollic-eabi/lib/armv7e-m/fpu/fpv5-sp-d16\libc_nano.a(lib_a-errno.o)
                              Core\Src\syscalls.o (__errno)
c:/program files (x86)/atollic/truestudio for stm32 9.3.0/armtools/bin/../lib/gcc/arm-atollic-eabi/6.3.1/../../../../arm-atollic-eabi/lib/armv7e-m/fpu/fpv5-sp-d16\libc_nano.a(lib_a-impure.o)
                              c:/program files (x86)/atollic/truestudio for stm32 9.3.0/armtools/bin/../lib/gcc/arm-atollic-eabi/6.3.1/../../../../arm-atollic-eabi/lib/armv7e-m/fpu/fpv5-sp-d16\libc_nano.a(lib_a-errno.o) (_impure_ptr)
c:/program files (x86)/atollic/truestudio for stm32 9.3.0/armtools/bin/../lib/gcc/arm-atollic-eabi/6.3.1/../../../../arm-atollic-eabi/lib/armv7e-m/fpu/fpv5-sp-d16\libc_nano.a(lib_a-init.o)
                              startup\startup_stm32f756xx.o (__libc_init_array)
c:/program files (x86)/atollic/truestudio for stm32 9.3.0/armtools/bin/../lib/gcc/arm-atollic-eabi/6.3.1/../../../../arm-atollic-eabi/lib/armv7e-m/fpu/fpv5-sp-d16\libc_nano.a(lib_a-memset.o)
                              Core\Src\main.o (memset)
c:/program files (x86)/atollic/truestudio for stm32 9.3.0/armtools/bin/../lib/gcc/arm-atollic-eabi/6.3.1/armv7e-m/fpu/fpv5-sp-d16\libgcc.a(_aeabi_uldivmod.o)
                              Drivers\STM32F7xx_HAL_Driver\Src\stm32f7xx_hal_rcc.o (__aeabi_uldivmod)
c:/program files (x86)/atollic/truestudio for stm32 9.3.0/armtools/bin/../lib/gcc/arm-atollic-eabi/6.3.1/armv7e-m/fpu/fpv5-sp-d16\libgcc.a(_udivmoddi4.o)
                              c:/program files (x86)/atollic/truestudio for stm32 9.3.0/armtools/bin/../lib/gcc/arm-atollic-eabi/6.3.1/armv7e-m/fpu/fpv5-sp-d16\libgcc.a(_aeabi_uldivmod.o) (__udivmoddi4)
c:/program files (x86)/atollic/truestudio for stm32 9.3.0/armtools/bin/../lib/gcc/arm-atollic-eabi/6.3.1/armv7e-m/fpu/fpv5-sp-d16\libgcc.a(_dvmd_tls.o)
                              c:/program files (x86)/atollic/truestudio for stm32 9.3.0/armtools/bin/../lib/gcc/arm-atollic-eabi/6.3.1/armv7e-m/fpu/fpv5-sp-d16\libgcc.a(_aeabi_uldivmod.o) (__aeabi_ldiv0)

Allocating common symbols
Common symbol       size              file

pw_block            0x4               Core\Src\code.o
htim4               0x40              Core\Src\main.o
lcd_num             0x2               Core\Src\code.o
pw_try              0x4               Core\Src\code.o
uwTick              0x4               Drivers\STM32F7xx_HAL_Driver\Src\stm32f7xx_hal.o
pFlash              0x1c              Drivers\STM32F7xx_HAL_Driver\Src\stm32f7xx_hal_flash.o
num                 0x1               Core\Src\code.o
htim12              0x40              Core\Src\main.o

Discarded input sections

 .text          0x00000000        0x0 c:/program files (x86)/atollic/truestudio for stm32 9.3.0/armtools/bin/../lib/gcc/arm-atollic-eabi/6.3.1/armv7e-m/fpu/fpv5-sp-d16/crti.o
 .data          0x00000000        0x0 c:/program files (x86)/atollic/truestudio for stm32 9.3.0/armtools/bin/../lib/gcc/arm-atollic-eabi/6.3.1/armv7e-m/fpu/fpv5-sp-d16/crti.o
 .bss           0x00000000        0x0 c:/program files (x86)/atollic/truestudio for stm32 9.3.0/armtools/bin/../lib/gcc/arm-atollic-eabi/6.3.1/armv7e-m/fpu/fpv5-sp-d16/crti.o
 .data          0x00000000        0x4 c:/program files (x86)/atollic/truestudio for stm32 9.3.0/armtools/bin/../lib/gcc/arm-atollic-eabi/6.3.1/armv7e-m/fpu/fpv5-sp-d16/crtbegin.o
 .text          0x00000000        0x0 Core\Src\code.o
 .data          0x00000000        0x0 Core\Src\code.o
 .bss           0x00000000        0x0 Core\Src\code.o
 .data.pw       0x00000000        0x4 Core\Src\code.o
 .data.pw_on    0x00000000        0x4 Core\Src\code.o
 .bss.state     0x00000000        0x1 Core\Src\code.o
 .bss.i         0x00000000        0x1 Core\Src\code.o
 .text.pw_read  0x00000000       0x38 Core\Src\code.o
 .rodata        0x00000000       0x1e Core\Src\code.o
 .text.compare_pw
                0x00000000       0x64 Core\Src\code.o
 .text.compare_pw_on
                0x00000000       0x64 Core\Src\code.o
 .text.bckspc   0x00000000       0x50 Core\Src\code.o
 .text.hide_pw  0x00000000       0x44 Core\Src\code.o
 .debug_info    0x00000000      0x2cd Core\Src\code.o
 .debug_abbrev  0x00000000      0x11f Core\Src\code.o
 .debug_aranges
                0x00000000       0x40 Core\Src\code.o
 .debug_ranges  0x00000000       0x30 Core\Src\code.o
 .debug_line    0x00000000      0x245 Core\Src\code.o
 .debug_str     0x00000000      0x2ed Core\Src\code.o
 .comment       0x00000000       0x7d Core\Src\code.o
 .debug_frame   0x00000000       0xc0 Core\Src\code.o
 .ARM.attributes
                0x00000000       0x39 Core\Src\code.o
 COMMON         0x00000000        0xd Core\Src\code.o
 .text          0x00000000        0x0 Core\Src\lcd.o
 .data          0x00000000        0x0 Core\Src\lcd.o
[...]
Memory Configuration

Name             Origin             Length             Attributes
RAM              0x20000000         0x00050000         xrw
FLASH            0x08000000         0x00100000         xr
*default*        0x00000000         0xffffffff

Linker script and memory map

LOAD c:/program files (x86)/atollic/truestudio for stm32 9.3.0/armtools/bin/../lib/gcc/arm-atollic-eabi/6.3.1/armv7e-m/fpu/fpv5-sp-d16/crti.o
LOAD c:/program files (x86)/atollic/truestudio for stm32 9.3.0/armtools/bin/../lib/gcc/arm-atollic-eabi/6.3.1/armv7e-m/fpu/fpv5-sp-d16/crtbegin.o
LOAD Core\Src\code.o
LOAD Core\Src\lcd.o
LOAD Core\Src\main.o
LOAD Core\Src\matrix.o
LOAD Core\Src\stm32f7xx_hal_msp.o
LOAD Core\Src\stm32f7xx_it.o
LOAD Core\Src\syscalls.o
LOAD Core\Src\system_stm32f7xx.o
LOAD Drivers\STM32F7xx_HAL_Driver\Src\stm32f7xx_hal.o
LOAD Drivers\STM32F7xx_HAL_Driver\Src\stm32f7xx_hal_cortex.o
LOAD Drivers\STM32F7xx_HAL_Driver\Src\stm32f7xx_hal_dma.o
LOAD Drivers\STM32F7xx_HAL_Driver\Src\stm32f7xx_hal_dma_ex.o
LOAD Drivers\STM32F7xx_HAL_Driver\Src\stm32f7xx_hal_exti.o
LOAD Drivers\STM32F7xx_HAL_Driver\Src\stm32f7xx_hal_flash.o
LOAD Drivers\STM32F7xx_HAL_Driver\Src\stm32f7xx_hal_flash_ex.o
LOAD Drivers\STM32F7xx_HAL_Driver\Src\stm32f7xx_hal_gpio.o
LOAD Drivers\STM32F7xx_HAL_Driver\Src\stm32f7xx_hal_i2c.o
LOAD Drivers\STM32F7xx_HAL_Driver\Src\stm32f7xx_hal_i2c_ex.o
LOAD Drivers\STM32F7xx_HAL_Driver\Src\stm32f7xx_hal_pwr.o
LOAD Drivers\STM32F7xx_HAL_Driver\Src\stm32f7xx_hal_pwr_ex.o
LOAD Drivers\STM32F7xx_HAL_Driver\Src\stm32f7xx_hal_rcc.o
LOAD Drivers\STM32F7xx_HAL_Driver\Src\stm32f7xx_hal_rcc_ex.o
LOAD Drivers\STM32F7xx_HAL_Driver\Src\stm32f7xx_hal_tim.o
LOAD Drivers\STM32F7xx_HAL_Driver\Src\stm32f7xx_hal_tim_ex.o
LOAD startup\startup_stm32f756xx.o
                0x00000080                malloc_getpagesize_P = 0x80
START GROUP
LOAD c:/program files (x86)/atollic/truestudio for stm32 9.3.0/armtools/bin/../lib/gcc/arm-atollic-eabi/6.3.1/../../../../arm-atollic-eabi/lib/armv7e-m/fpu/fpv5-sp-d16\libc_nano.a
LOAD c:/program files (x86)/atollic/truestudio for stm32 9.3.0/armtools/bin/../lib/gcc/arm-atollic-eabi/6.3.1/../../../../arm-atollic-eabi/lib/armv7e-m/fpu/fpv5-sp-d16\libm.a
END GROUP
START GROUP
LOAD c:/program files (x86)/atollic/truestudio for stm32 9.3.0/armtools/bin/../lib/gcc/arm-atollic-eabi/6.3.1/armv7e-m/fpu/fpv5-sp-d16\libgcc.a
LOAD c:/program files (x86)/atollic/truestudio for stm32 9.3.0/armtools/bin/../lib/gcc/arm-atollic-eabi/6.3.1/../../../../arm-atollic-eabi/lib/armv7e-m/fpu/fpv5-sp-d16\libc_nano.a
END GROUP
START GROUP
LOAD c:/program files (x86)/atollic/truestudio for stm32 9.3.0/armtools/bin/../lib/gcc/arm-atollic-eabi/6.3.1/armv7e-m/fpu/fpv5-sp-d16\libgcc.a
LOAD c:/program files (x86)/atollic/truestudio for stm32 9.3.0/armtools/bin/../lib/gcc/arm-atollic-eabi/6.3.1/../../../../arm-atollic-eabi/lib/armv7e-m/fpu/fpv5-sp-d16\libc_nano.a
LOAD c:/program files (x86)/atollic/truestudio for stm32 9.3.0/armtools/bin/../lib/gcc/arm-atollic-eabi/6.3.1/../../../../arm-atollic-eabi/lib/armv7e-m/fpu/fpv5-sp-d16\libnosys.a
END GROUP
START GROUP
LOAD c:/program files (x86)/atollic/truestudio for stm32 9.3.0/armtools/bin/../lib/gcc/arm-atollic-eabi/6.3.1/armv7e-m/fpu/fpv5-sp-d16\libgcc.a
LOAD c:/program files (x86)/atollic/truestudio for stm32 9.3.0/armtools/bin/../lib/gcc/arm-atollic-eabi/6.3.1/../../../../arm-atollic-eabi/lib/armv7e-m/fpu/fpv5-sp-d16\libc_nano.a
LOAD c:/program files (x86)/atollic/truestudio for stm32 9.3.0/armtools/bin/../lib/gcc/arm-atollic-eabi/6.3.1/../../../../arm-atollic-eabi/lib/armv7e-m/fpu/fpv5-sp-d16\libnosys.a
END GROUP
LOAD c:/program files (x86)/atollic/truestudio for stm32 9.3.0/armtools/bin/../lib/gcc/arm-atollic-eabi/6.3.1/armv7e-m/fpu/fpv5-sp-d16/crtend.o
LOAD c:/program files (x86)/atollic/truestudio for stm32 9.3.0/armtools/bin/../lib/gcc/arm-atollic-eabi/6.3.1/armv7e-m/fpu/fpv5-sp-d16/crtn.o
                0x20050000                _estack = 0x20050000
                0x00000200                _Min_Heap_Size = 0x200
                0x00000400                _Min_Stack_Size = 0x400

.isr_vector     0x08000000      0x1c8
                0x08000000                . = ALIGN (0x4)
 *(.isr_vector)
 .isr_vector    0x08000000      0x1c8 startup\startup_stm32f756xx.o
                0x08000000                g_pfnVectors
                0x080001c8                . = ALIGN (0x4)

.text           0x080001c8     0x2a60
                0x080001c8                . = ALIGN (0x4)
 *(.text)
 .text          0x080001c8       0x40 c:/program files (x86)/atollic/truestudio for stm32 9.3.0/armtools/bin/../lib/gcc/arm-atollic-eabi/6.3.1/armv7e-m/fpu/fpv5-sp-d16/crtbegin.o
 .text          0x08000208       0x30 c:/program files (x86)/atollic/truestudio for stm32 9.3.0/armtools/bin/../lib/gcc/arm-atollic-eabi/6.3.1/armv7e-m/fpu/fpv5-sp-d16\libgcc.a(_aeabi_uldivmod.o)
                0x08000208                __aeabi_uldivmod
 .text          0x08000238      0x2dc c:/program files (x86)/atollic/truestudio for stm32 9.3.0/armtools/bin/../lib/gcc/arm-atollic-eabi/6.3.1/armv7e-m/fpu/fpv5-sp-d16\libgcc.a(_udivmoddi4.o)
                0x08000238                __udivmoddi4
 .text          0x08000514        0x4 c:/program files (x86)/atollic/truestudio for stm32 9.3.0/armtools/bin/../lib/gcc/arm-atollic-eabi/6.3.1/armv7e-m/fpu/fpv5-sp-d16\libgcc.a(_dvmd_tls.o)
                0x08000514                __aeabi_idiv0
                0x08000514                __aeabi_ldiv0
 *(.text*)
 .text.read_matrix
                0x08000518      0x114 Core\Src\main.o
                0x08000518                read_matrix
 .text.HAL_TIM_PeriodElapsedCallback
                0x0800062c       0x68 Core\Src\main.o
                0x0800062c                HAL_TIM_PeriodElapsedCallback
 .text.main     0x08000694       0x44 Core\Src\main.o
                0x08000694                main
 .text.SystemClock_Config
                0x080006d8       0xb8 Core\Src\main.o
                0x080006d8                SystemClock_Config
 .text.MX_TIM4_Init
                0x08000790       0xb4 Core\Src\main.o
 .text.MX_TIM12_Init
                0x08000844       0x88 Core\Src\main.o
 .text.MX_GPIO_Init
                0x080008cc      0x170 Core\Src\main.o
 .text.Error_Handler
                0x08000a3c        0x8 Core\Src\main.o
                0x08000a3c                Error_Handler
 .text.matrix_row
                0x08000a44       0x68 Core\Src\matrix.o
                0x08000a44                matrix_row
 .text.matrix_scann
                0x08000aac       0x58 Core\Src\matrix.o
                0x08000aac                matrix_scann
 .text.matrix_search
                0x08000b04       0x98 Core\Src\matrix.o
                0x08000b04                matrix_search
 .text.get_key  0x08000b9c       0x18 Core\Src\matrix.o
                0x08000b9c                get_key
 .text.HAL_MspInit
                0x08000bb4       0x48 Core\Src\stm32f7xx_hal_msp.o
                0x08000bb4                HAL_MspInit
 .text.HAL_TIM_PWM_MspInit
                0x08000bfc       0x84 Core\Src\stm32f7xx_hal_msp.o
                0x08000bfc                HAL_TIM_PWM_MspInit
 .text.HAL_TIM_MspPostInit
                0x08000c80       0xb8 Core\Src\stm32f7xx_hal_msp.o
                0x08000c80                HAL_TIM_MspPostInit
 .text.NMI_Handler
                0x08000d38        0x6 Core\Src\stm32f7xx_it.o
                0x08000d38                NMI_Handler
 .text.HardFault_Handler
                0x08000d3e        0x6 Core\Src\stm32f7xx_it.o
                0x08000d3e                HardFault_Handler
 .text.MemManage_Handler
                0x08000d44        0x6 Core\Src\stm32f7xx_it.o
                0x08000d44                MemManage_Handler
 .text.BusFault_Handler
                0x08000d4a        0x6 Core\Src\stm32f7xx_it.o
                0x08000d4a                BusFault_Handler
 .text.UsageFault_Handler
                0x08000d50        0x6 Core\Src\stm32f7xx_it.o
                0x08000d50                UsageFault_Handler
 .text.SVC_Handler
                0x08000d56        0xe Core\Src\stm32f7xx_it.o
                0x08000d56                SVC_Handler
 .text.DebugMon_Handler
                0x08000d64        0xe Core\Src\stm32f7xx_it.o
                0x08000d64                DebugMon_Handler
 .text.PendSV_Handler
                0x08000d72        0xe Core\Src\stm32f7xx_it.o
                0x08000d72                PendSV_Handler
 .text.SysTick_Handler
                0x08000d80        0xc Core\Src\stm32f7xx_it.o
                0x08000d80                SysTick_Handler
 .text.TIM4_IRQHandler
                0x08000d8c       0x14 Core\Src\stm32f7xx_it.o
                0x08000d8c                TIM4_IRQHandler
 .text.TIM8_BRK_TIM12_IRQHandler
                0x08000da0       0x14 Core\Src\stm32f7xx_it.o
                0x08000da0                TIM8_BRK_TIM12_IRQHandler
 .text.SystemInit
                0x08000db4       0x2c Core\Src\system_stm32f7xx.o
                0x08000db4                SystemInit
 .text.HAL_Init
                0x08000de0       0x1a Drivers\STM32F7xx_HAL_Driver\Src\stm32f7xx_hal.o
                0x08000de0                HAL_Init
 *fill*         0x08000dfa        0x2 
 .text.HAL_InitTick
                0x08000dfc       0x60 Drivers\STM32F7xx_HAL_Driver\Src\stm32f7xx_hal.o
                0x08000dfc                HAL_InitTick
 .text.HAL_IncTick
                0x08000e5c       0x28 Drivers\STM32F7xx_HAL_Driver\Src\stm32f7xx_hal.o
                0x08000e5c                HAL_IncTick
 .text.HAL_GetTick
                0x08000e84       0x18 Drivers\STM32F7xx_HAL_Driver\Src\stm32f7xx_hal.o
                0x08000e84                HAL_GetTick
 .text.HAL_Delay
                0x08000e9c       0x44 Drivers\STM32F7xx_HAL_Driver\Src\stm32f7xx_hal.o
                0x08000e9c                HAL_Delay
 .text.__NVIC_SetPriorityGrouping
                0x08000ee0       0x48 Drivers\STM32F7xx_HAL_Driver\Src\stm32f7xx_hal_cortex.o
 .text.__NVIC_GetPriorityGrouping
                0x08000f28       0x1c Drivers\STM32F7xx_HAL_Driver\Src\stm32f7xx_hal_cortex.o
 .text.__NVIC_EnableIRQ
                0x08000f44       0x3c Drivers\STM32F7xx_HAL_Driver\Src\stm32f7xx_hal_cortex.o
 .text.__NVIC_SetPriority
                0x08000f80       0x54 Drivers\STM32F7xx_HAL_Driver\Src\stm32f7xx_hal_cortex.o
 .text.NVIC_EncodePriority
                0x08000fd4       0x62 Drivers\STM32F7xx_HAL_Driver\Src\stm32f7xx_hal_cortex.o
 *fill*         0x08001036        0x2 
 .text.SysTick_Config
                0x08001038       0x44 Drivers\STM32F7xx_HAL_Driver\Src\stm32f7xx_hal_cortex.o
 .text.HAL_NVIC_SetPriorityGrouping
                0x0800107c       0x16 Drivers\STM32F7xx_HAL_Driver\Src\stm32f7xx_hal_cortex.o
                0x0800107c                HAL_NVIC_SetPriorityGrouping
 .text.HAL_NVIC_SetPriority
                0x08001092       0x38 Drivers\STM32F7xx_HAL_Driver\Src\stm32f7xx_hal_cortex.o
                0x08001092                HAL_NVIC_SetPriority
 .text.HAL_NVIC_EnableIRQ
                0x080010ca       0x1c Drivers\STM32F7xx_HAL_Driver\Src\stm32f7xx_hal_cortex.o
                0x080010ca                HAL_NVIC_EnableIRQ
 .text.HAL_SYSTICK_Config
                0x080010e6       0x18 Drivers\STM32F7xx_HAL_Driver\Src\stm32f7xx_hal_cortex.o
                0x080010e6                HAL_SYSTICK_Config
 *fill*         0x080010fe        0x2 
 .text.HAL_GPIO_Init
                0x08001100      0x354 Drivers\STM32F7xx_HAL_Driver\Src\stm32f7xx_hal_gpio.o
                0x08001100                HAL_GPIO_Init
 .text.HAL_GPIO_ReadPin
                0x08001454       0x30 Drivers\STM32F7xx_HAL_Driver\Src\stm32f7xx_hal_gpio.o
                0x08001454                HAL_GPIO_ReadPin
 .text.HAL_GPIO_WritePin
                0x08001484       0x32 Drivers\STM32F7xx_HAL_Driver\Src\stm32f7xx_hal_gpio.o
                0x08001484                HAL_GPIO_WritePin
 *fill*         0x080014b6        0x2 
 .text.HAL_RCC_OscConfig
                0x080014b8      0x548 Drivers\STM32F7xx_HAL_Driver\Src\stm32f7xx_hal_rcc.o
                0x080014b8                HAL_RCC_OscConfig
 .text.HAL_RCC_ClockConfig
                0x08001a00      0x1d8 Drivers\STM32F7xx_HAL_Driver\Src\stm32f7xx_hal_rcc.o
                0x08001a00                HAL_RCC_ClockConfig
 .text.HAL_RCC_GetSysClockFreq
                0x08001bd8      0x16c Drivers\STM32F7xx_HAL_Driver\Src\stm32f7xx_hal_rcc.o
                0x08001bd8                HAL_RCC_GetSysClockFreq
 .text.HAL_TIM_Base_Start_IT
                0x08001d44       0x54 Drivers\STM32F7xx_HAL_Driver\Src\stm32f7xx_hal_tim.o
                0x08001d44                HAL_TIM_Base_Start_IT
 .text.HAL_TIM_PWM_Init
                0x08001d98       0x56 Drivers\STM32F7xx_HAL_Driver\Src\stm32f7xx_hal_tim.o
                0x08001d98                HAL_TIM_PWM_Init
 *fill*         0x08001dee        0x2 
 .text.HAL_TIM_PWM_Start_IT
                0x08001df0      0x114 Drivers\STM32F7xx_HAL_Driver\Src\stm32f7xx_hal_tim.o
                0x08001df0                HAL_TIM_PWM_Start_IT
 .text.HAL_TIM_IRQHandler
                0x08001f04      0x23e Drivers\STM32F7xx_HAL_Driver\Src\stm32f7xx_hal_tim.o
                0x08001f04                HAL_TIM_IRQHandler
 *fill*         0x08002142        0x2 
 .text.HAL_TIM_PWM_ConfigChannel
                0x08002144      0x230 Drivers\STM32F7xx_HAL_Driver\Src\stm32f7xx_hal_tim.o
                0x08002144                HAL_TIM_PWM_ConfigChannel
 .text.HAL_TIM_OC_DelayElapsedCallback
                0x08002374       0x14 Drivers\STM32F7xx_HAL_Driver\Src\stm32f7xx_hal_tim.o
                0x08002374                HAL_TIM_OC_DelayElapsedCallback
 .text.HAL_TIM_IC_CaptureCallback
                0x08002388       0x14 Drivers\STM32F7xx_HAL_Driver\Src\stm32f7xx_hal_tim.o
                0x08002388                HAL_TIM_IC_CaptureCallback
 .text.HAL_TIM_PWM_PulseFinishedCallback
                0x0800239c       0x14 Drivers\STM32F7xx_HAL_Driver\Src\stm32f7xx_hal_tim.o
                0x0800239c                HAL_TIM_PWM_PulseFinishedCallback
 .text.HAL_TIM_TriggerCallback
                0x080023b0       0x14 Drivers\STM32F7xx_HAL_Driver\Src\stm32f7xx_hal_tim.o
                0x080023b0                HAL_TIM_TriggerCallback
 .text.TIM_Base_SetConfig
                0x080023c4      0x140 Drivers\STM32F7xx_HAL_Driver\Src\stm32f7xx_hal_tim.o
                0x080023c4                TIM_Base_SetConfig
 .text.TIM_OC1_SetConfig
                0x08002504       0xe4 Drivers\STM32F7xx_HAL_Driver\Src\stm32f7xx_hal_tim.o
 .text.TIM_OC2_SetConfig
                0x080025e8       0xf0 Drivers\STM32F7xx_HAL_Driver\Src\stm32f7xx_hal_tim.o
                0x080025e8                TIM_OC2_SetConfig
 .text.TIM_OC3_SetConfig
                0x080026d8       0xec Drivers\STM32F7xx_HAL_Driver\Src\stm32f7xx_hal_tim.o
 .text.TIM_OC4_SetConfig
                0x080027c4       0xb0 Drivers\STM32F7xx_HAL_Driver\Src\stm32f7xx_hal_tim.o
 .text.TIM_OC5_SetConfig
                0x08002874       0xa4 Drivers\STM32F7xx_HAL_Driver\Src\stm32f7xx_hal_tim.o
 .text.TIM_OC6_SetConfig
                0x08002918       0xa8 Drivers\STM32F7xx_HAL_Driver\Src\stm32f7xx_hal_tim.o
 .text.TIM_CCxChannelCmd
                0x080029c0       0x4a Drivers\STM32F7xx_HAL_Driver\Src\stm32f7xx_hal_tim.o
                0x080029c0                TIM_CCxChannelCmd
 *fill*         0x08002a0a        0x2 
 .text.HAL_TIMEx_MasterConfigSynchronization
                0x08002a0c      0x11c Drivers\STM32F7xx_HAL_Driver\Src\stm32f7xx_hal_tim_ex.o
                0x08002a0c                HAL_TIMEx_MasterConfigSynchronization
 .text.HAL_TIMEx_CommutCallback
                0x08002b28       0x14 Drivers\STM32F7xx_HAL_Driver\Src\stm32f7xx_hal_tim_ex.o
                0x08002b28                HAL_TIMEx_CommutCallback
 .text.HAL_TIMEx_BreakCallback
                0x08002b3c       0x14 Drivers\STM32F7xx_HAL_Driver\Src\stm32f7xx_hal_tim_ex.o
                0x08002b3c                HAL_TIMEx_BreakCallback
 .text.HAL_TIMEx_Break2Callback
                0x08002b50       0x14 Drivers\STM32F7xx_HAL_Driver\Src\stm32f7xx_hal_tim_ex.o
                0x08002b50                HAL_TIMEx_Break2Callback
 .text.Reset_Handler
                0x08002b64       0x50 startup\startup_stm32f756xx.o
                0x08002b64                Reset_Handler
 .text.Default_Handler
                0x08002bb4        0x2 startup\startup_stm32f756xx.o
                0x08002bb4                RTC_Alarm_IRQHandler
                0x08002bb4                HASH_RNG_IRQHandler
                0x08002bb4                EXTI2_IRQHandler
                0x08002bb4                TIM8_CC_IRQHandler
                0x08002bb4                UART8_IRQHandler
                0x08002bb4                SPI4_IRQHandler
                0x08002bb4                TIM1_CC_IRQHandler
                0x08002bb4                DMA2_Stream5_IRQHandler
                0x08002bb4                DMA1_Stream5_IRQHandler
                0x08002bb4                PVD_IRQHandler
                0x08002bb4                TAMP_STAMP_IRQHandler
                0x08002bb4                CAN2_RX1_IRQHandler
                0x08002bb4                EXTI3_IRQHandler
                0x08002bb4                TIM8_TRG_COM_TIM14_IRQHandler
                0x08002bb4                TIM1_UP_TIM10_IRQHandler
                0x08002bb4                TIM8_UP_TIM13_IRQHandler
                0x08002bb4                I2C3_ER_IRQHandler
                0x08002bb4                EXTI0_IRQHandler
                0x08002bb4                I2C2_EV_IRQHandler
                0x08002bb4                DMA1_Stream2_IRQHandler
                0x08002bb4                CAN1_RX0_IRQHandler
                0x08002bb4                FPU_IRQHandler
                0x08002bb4                OTG_HS_WKUP_IRQHandler
                0x08002bb4                LTDC_ER_IRQHandler
                0x08002bb4                CAN2_SCE_IRQHandler
                0x08002bb4                DMA2_Stream2_IRQHandler
                0x08002bb4                SPI1_IRQHandler
                0x08002bb4                TIM6_DAC_IRQHandler
                0x08002bb4                TIM1_BRK_TIM9_IRQHandler
                0x08002bb4                DCMI_IRQHandler
                0x08002bb4                CAN2_RX0_IRQHandler
                0x08002bb4                DMA2_Stream3_IRQHandler
                0x08002bb4                SAI2_IRQHandler
                0x08002bb4                USART6_IRQHandler
                0x08002bb4                USART3_IRQHandler
                0x08002bb4                CRYP_IRQHandler
                0x08002bb4                CAN1_RX1_IRQHandler
                0x08002bb4                UART5_IRQHandler
                0x08002bb4                DMA2_Stream0_IRQHandler
                0x08002bb4                QUADSPI_IRQHandler
                0x08002bb4                I2C1_EV_IRQHandler
                0x08002bb4                DMA1_Stream6_IRQHandler
                0x08002bb4                DMA1_Stream1_IRQHandler
                0x08002bb4                UART4_IRQHandler
                0x08002bb4                TIM3_IRQHandler
                0x08002bb4                RCC_IRQHandler
                0x08002bb4                Default_Handler
                0x08002bb4                CEC_IRQHandler
                0x08002bb4                EXTI15_10_IRQHandler
                0x08002bb4                ADC_IRQHandler
                0x08002bb4                DMA1_Stream7_IRQHandler
                0x08002bb4                SPI5_IRQHandler
                0x08002bb4                TIM7_IRQHandler
                0x08002bb4                SDMMC1_IRQHandler
                0x08002bb4                CAN2_TX_IRQHandler
                0x08002bb4                TIM5_IRQHandler
                0x08002bb4                DMA2_Stream7_IRQHandler
                0x08002bb4                I2C3_EV_IRQHandler
                0x08002bb4                EXTI9_5_IRQHandler
                0x08002bb4                RTC_WKUP_IRQHandler
                0x08002bb4                LTDC_IRQHandler
                0x08002bb4                ETH_WKUP_IRQHandler
                0x08002bb4                SPDIF_RX_IRQHandler
                0x08002bb4                SPI2_IRQHandler
                0x08002bb4                OTG_HS_EP1_IN_IRQHandler
                0x08002bb4                DMA1_Stream0_IRQHandler
                0x08002bb4                CAN1_TX_IRQHandler
                0x08002bb4                EXTI4_IRQHandler
                0x08002bb4                ETH_IRQHandler
                0x08002bb4                OTG_HS_EP1_OUT_IRQHandler
                0x08002bb4                WWDG_IRQHandler
                0x08002bb4                SPI6_IRQHandler
                0x08002bb4                I2C4_EV_IRQHandler
                0x08002bb4                TIM2_IRQHandler
                0x08002bb4                OTG_FS_WKUP_IRQHandler
                0x08002bb4                TIM1_TRG_COM_TIM11_IRQHandler
                0x08002bb4                OTG_HS_IRQHandler
                0x08002bb4                DMA2D_IRQHandler
                0x08002bb4                EXTI1_IRQHandler
                0x08002bb4                UART7_IRQHandler
                0x08002bb4                USART2_IRQHandler
                0x08002bb4                I2C2_ER_IRQHandler
                0x08002bb4                DMA2_Stream1_IRQHandler
                0x08002bb4                CAN1_SCE_IRQHandler
                0x08002bb4                FLASH_IRQHandler
                0x08002bb4                DMA2_Stream4_IRQHandler
                0x08002bb4                USART1_IRQHandler
                0x08002bb4                OTG_FS_IRQHandler
                0x08002bb4                SPI3_IRQHandler
                0x08002bb4                DMA1_Stream4_IRQHandler
                0x08002bb4                I2C1_ER_IRQHandler
                0x08002bb4                FMC_IRQHandler
                0x08002bb4                LPTIM1_IRQHandler
                0x08002bb4                I2C4_ER_IRQHandler
                0x08002bb4                DMA2_Stream6_IRQHandler
                0x08002bb4                SAI1_IRQHandler
                0x08002bb4                DMA1_Stream3_IRQHandler
 *fill*         0x08002bb6        0x2 
 .text.__libc_init_array
                0x08002bb8       0x48 c:/program files (x86)/atollic/truestudio for stm32 9.3.0/armtools/bin/../lib/gcc/arm-atollic-eabi/6.3.1/../../../../arm-atollic-eabi/lib/armv7e-m/fpu/fpv5-sp-d16\libc_nano.a(lib_a-init.o)
                0x08002bb8                __libc_init_array
 .text.memset   0x08002c00       0x10 c:/program files (x86)/atollic/truestudio for stm32 9.3.0/armtools/bin/../lib/gcc/arm-atollic-eabi/6.3.1/../../../../arm-atollic-eabi/lib/armv7e-m/fpu/fpv5-sp-d16\libc_nano.a(lib_a-memset.o)
                0x08002c00                memset
 *(.glue_7)
 .glue_7        0x08002c10        0x0 linker stubs
 *(.glue_7t)
 .glue_7t       0x08002c10        0x0 linker stubs
 *(.eh_frame)
 .eh_frame      0x08002c10        0x0 c:/program files (x86)/atollic/truestudio for stm32 9.3.0/armtools/bin/../lib/gcc/arm-atollic-eabi/6.3.1/armv7e-m/fpu/fpv5-sp-d16/crtbegin.o
 *(.init)
 .init          0x08002c10        0x4 c:/program files (x86)/atollic/truestudio for stm32 9.3.0/armtools/bin/../lib/gcc/arm-atollic-eabi/6.3.1/armv7e-m/fpu/fpv5-sp-d16/crti.o
                0x08002c10                _init
 .init          0x08002c14        0x8 c:/program files (x86)/atollic/truestudio for stm32 9.3.0/armtools/bin/../lib/gcc/arm-atollic-eabi/6.3.1/armv7e-m/fpu/fpv5-sp-d16/crtn.o
 *(.fini)
 .fini          0x08002c1c        0x4 c:/program files (x86)/atollic/truestudio for stm32 9.3.0/armtools/bin/../lib/gcc/arm-atollic-eabi/6.3.1/armv7e-m/fpu/fpv5-sp-d16/crti.o
                0x08002c1c                _fini
 .fini          0x08002c20        0x8 c:/program files (x86)/atollic/truestudio for stm32 9.3.0/armtools/bin/../lib/gcc/arm-atollic-eabi/6.3.1/armv7e-m/fpu/fpv5-sp-d16/crtn.o
                0x08002c28                . = ALIGN (0x4)
                0x08002c28                _etext = .

.vfp11_veneer   0x08002c28        0x0
 .vfp11_veneer  0x08002c28        0x0 linker stubs

.v4_bx          0x08002c28        0x0
 .v4_bx         0x08002c28        0x0 linker stubs

.iplt           0x08002c28        0x0
 .iplt          0x08002c28        0x0 c:/program files (x86)/atollic/truestudio for stm32 9.3.0/armtools/bin/../lib/gcc/arm-atollic-eabi/6.3.1/armv7e-m/fpu/fpv5-sp-d16/crtbegin.o

.rodata         0x08002c28       0x1c
                0x08002c28                . = ALIGN (0x4)
 *(.rodata)
 *(.rodata*)
 .rodata.billtomb
                0x08002c28        0xc Core\Src\matrix.o
                0x08002c28                billtomb
 .rodata.AHBPrescTable
                0x08002c34       0x10 Core\Src\system_stm32f7xx.o
                0x08002c34                AHBPrescTable
                0x08002c44                . = ALIGN (0x4)

.ARM.extab
 *(.ARM.extab* .gnu.linkonce.armextab.*)

.ARM            0x08002c44        0x8
                0x08002c44                __exidx_start = .
 *(.ARM.exidx*)
 .ARM.exidx     0x08002c44        0x8 c:/program files (x86)/atollic/truestudio for stm32 9.3.0/armtools/bin/../lib/gcc/arm-atollic-eabi/6.3.1/armv7e-m/fpu/fpv5-sp-d16\libgcc.a(_udivmoddi4.o)
                0x08002c4c                __exidx_end = .

.rel.dyn        0x08002c4c        0x0
 .rel.iplt      0x08002c4c        0x0 c:/program files (x86)/atollic/truestudio for stm32 9.3.0/armtools/bin/../lib/gcc/arm-atollic-eabi/6.3.1/armv7e-m/fpu/fpv5-sp-d16/crtbegin.o

.preinit_array  0x08002c4c        0x0
                0x08002c4c                PROVIDE (__preinit_array_start, .)
 *(.preinit_array*)
                0x08002c4c                PROVIDE (__preinit_array_end, .)

.init_array     0x08002c4c        0x4
                0x08002c4c                PROVIDE (__init_array_start, .)
 *(SORT(.init_array.*))
 *(.init_array*)
 .init_array    0x08002c4c        0x4 c:/program files (x86)/atollic/truestudio for stm32 9.3.0/armtools/bin/../lib/gcc/arm-atollic-eabi/6.3.1/armv7e-m/fpu/fpv5-sp-d16/crtbegin.o
                0x08002c50                PROVIDE (__init_array_end, .)

.fini_array     0x08002c50        0x4
                [!provide]                PROVIDE (__fini_array_start, .)
 *(SORT(.fini_array.*))
 *(.fini_array*)
 .fini_array    0x08002c50        0x4 c:/program files (x86)/atollic/truestudio for stm32 9.3.0/armtools/bin/../lib/gcc/arm-atollic-eabi/6.3.1/armv7e-m/fpu/fpv5-sp-d16/crtbegin.o
                [!provide]                PROVIDE (__fini_array_end, .)
                0x08002c54                _sidata = LOADADDR (.data)

.data           0x20000000       0x54 load address 0x08002c54
                0x20000000                . = ALIGN (0x4)
                0x20000000                _sdata = .
 *(.data)
 *(.data*)
 .data.row      0x20000000        0x1 Core\Src\matrix.o
                0x20000000                row
 .data.m_button2
                0x20000001        0x1 Core\Src\matrix.o
                0x20000001                m_button2
 *fill*         0x20000002        0x2 
 .data.sor_pin  0x20000004        0x8 Core\Src\matrix.o
                0x20000004                sor_pin
 .data.matrix_pin
                0x2000000c        0xe Core\Src\matrix.o
                0x2000000c                matrix_pin
 *fill*         0x2000001a        0x2 
 .data.sor_gpio_port
                0x2000001c       0x10 Core\Src\matrix.o
                0x2000001c                sor_gpio_port
 .data.matrix_gpio_port
                0x2000002c       0x1c Core\Src\matrix.o
                0x2000002c                matrix_gpio_port
 .data.SystemCoreClock
                0x20000048        0x4 Core\Src\system_stm32f7xx.o
                0x20000048                SystemCoreClock
 .data.uwTickPrio
                0x2000004c        0x4 Drivers\STM32F7xx_HAL_Driver\Src\stm32f7xx_hal.o
                0x2000004c                uwTickPrio
 .data.uwTickFreq
                0x20000050        0x1 Drivers\STM32F7xx_HAL_Driver\Src\stm32f7xx_hal.o
                0x20000050                uwTickFreq
                0x20000054                . = ALIGN (0x4)
 *fill*         0x20000051        0x3 
                0x20000054                _edata = .

.igot.plt       0x20000054        0x0 load address 0x08002ca8
 .igot.plt      0x20000054        0x0 c:/program files (x86)/atollic/truestudio for stm32 9.3.0/armtools/bin/../lib/gcc/arm-atollic-eabi/6.3.1/armv7e-m/fpu/fpv5-sp-d16/crtbegin.o
                0x20000054                . = ALIGN (0x4)

.bss            0x20000054       0xa4 load address 0x08002ca8
                0x20000054                _sbss = .
                0x20000054                __bss_start__ = _sbss
 *(.bss)
 .bss           0x20000054       0x1c c:/program files (x86)/atollic/truestudio for stm32 9.3.0/armtools/bin/../lib/gcc/arm-atollic-eabi/6.3.1/armv7e-m/fpu/fpv5-sp-d16/crtbegin.o
 *(.bss*)
 .bss.kek       0x20000070        0x1 Core\Src\main.o
                0x20000070                kek
 .bss.piros     0x20000071        0x1 Core\Src\main.o
                0x20000071                piros
 .bss.zold      0x20000072        0x1 Core\Src\main.o
                0x20000072                zold
 .bss.cnt       0x20000073        0x1 Core\Src\main.o
                0x20000073                cnt
 *(COMMON)
 COMMON         0x20000074       0x80 Core\Src\main.o
                0x20000074                htim4
                0x200000b4                htim12
 COMMON         0x200000f4        0x4 Drivers\STM32F7xx_HAL_Driver\Src\stm32f7xx_hal.o
                0x200000f4                uwTick
                0x200000f8                . = ALIGN (0x4)
                0x200000f8                _ebss = .
                0x200000f8                __bss_end__ = _ebss

._user_heap_stack
                0x200000f8      0x600 load address 0x08002ca8
                0x200000f8                . = ALIGN (0x4)
                0x200000f8                PROVIDE (end, .)
                [!provide]                PROVIDE (_end, .)
                0x200002f8                . = (. + _Min_Heap_Size)
 *fill*         0x200000f8      0x200 
                0x200006f8                . = (. + _Min_Stack_Size)
 *fill*         0x200002f8      0x400 
                0x200006f8                . = ALIGN (0x4)

/DISCARD/
 libc.a(*)
 libm.a(*)
 libgcc.a(*)

.ARM.attributes
                0x00000000       0x30
 *(.ARM.attributes)
 .ARM.attributes
                0x00000000       0x22 c:/program files (x86)/atollic/truestudio for stm32 9.3.0/armtools/bin/../lib/gcc/arm-atollic-eabi/6.3.1/armv7e-m/fpu/fpv5-sp-d16/crti.o
 .ARM.attributes
                0x00000022       0x34 c:/program files (x86)/atollic/truestudio for stm32 9.3.0/armtools/bin/../lib/gcc/arm-atollic-eabi/6.3.1/armv7e-m/fpu/fpv5-sp-d16/crtbegin.o
 .ARM.attributes
                0x00000056       0x39 Core\Src\main.o
 .ARM.attributes
                0x0000008f       0x39 Core\Src\matrix.o
 .ARM.attributes
                0x000000c8       0x39 Core\Src\stm32f7xx_hal_msp.o
 .ARM.attributes
                0x00000101       0x39 Core\Src\stm32f7xx_it.o
 .ARM.attributes
                0x0000013a       0x39 Core\Src\system_stm32f7xx.o
 .ARM.attributes
                0x00000173       0x39 Drivers\STM32F7xx_HAL_Driver\Src\stm32f7xx_hal.o
 .ARM.attributes
                0x000001ac       0x39 Drivers\STM32F7xx_HAL_Driver\Src\stm32f7xx_hal_cortex.o
 .ARM.attributes
                0x000001e5       0x39 Drivers\STM32F7xx_HAL_Driver\Src\stm32f7xx_hal_gpio.o
 .ARM.attributes
                0x0000021e       0x39 Drivers\STM32F7xx_HAL_Driver\Src\stm32f7xx_hal_rcc.o
 .ARM.attributes
                0x00000257       0x39 Drivers\STM32F7xx_HAL_Driver\Src\stm32f7xx_hal_tim.o
 .ARM.attributes
                0x00000290       0x39 Drivers\STM32F7xx_HAL_Driver\Src\stm32f7xx_hal_tim_ex.o
 .ARM.attributes
                0x000002c9       0x21 startup\startup_stm32f756xx.o
 .ARM.attributes
                0x000002ea       0x34 c:/program files (x86)/atollic/truestudio for stm32 9.3.0/armtools/bin/../lib/gcc/arm-atollic-eabi/6.3.1/../../../../arm-atollic-eabi/lib/armv7e-m/fpu/fpv5-sp-d16\libc_nano.a(lib_a-init.o)
 .ARM.attributes
                0x0000031e       0x34 c:/program files (x86)/atollic/truestudio for stm32 9.3.0/armtools/bin/../lib/gcc/arm-atollic-eabi/6.3.1/../../../../arm-atollic-eabi/lib/armv7e-m/fpu/fpv5-sp-d16\libc_nano.a(lib_a-memset.o)
 .ARM.attributes
                0x00000352       0x22 c:/program files (x86)/atollic/truestudio for stm32 9.3.0/armtools/bin/../lib/gcc/arm-atollic-eabi/6.3.1/armv7e-m/fpu/fpv5-sp-d16\libgcc.a(_aeabi_uldivmod.o)
 .ARM.attributes
                0x00000374       0x34 c:/program files (x86)/atollic/truestudio for stm32 9.3.0/armtools/bin/../lib/gcc/arm-atollic-eabi/6.3.1/armv7e-m/fpu/fpv5-sp-d16\libgcc.a(_udivmoddi4.o)
 .ARM.attributes
                0x000003a8       0x22 c:/program files (x86)/atollic/truestudio for stm32 9.3.0/armtools/bin/../lib/gcc/arm-atollic-eabi/6.3.1/armv7e-m/fpu/fpv5-sp-d16\libgcc.a(_dvmd_tls.o)
 .ARM.attributes
                0x000003ca       0x22 c:/program files (x86)/atollic/truestudio for stm32 9.3.0/armtools/bin/../lib/gcc/arm-atollic-eabi/6.3.1/armv7e-m/fpu/fpv5-sp-d16/crtn.o
OUTPUT(gyartolabor_lcd.elf elf32-littlearm)

.debug_info     0x00000000     0x90bc
 .debug_info    0x00000000      0xdf6 Core\Src\main.o
 .debug_info    0x00000df6      0x3f3 Core\Src\matrix.o
 .debug_info    0x000011e9      0xcf6 Core\Src\stm32f7xx_hal_msp.o
 .debug_info    0x00001edf      0x738 Core\Src\stm32f7xx_it.o
 .debug_info    0x00002617      0x73f Core\Src\system_stm32f7xx.o
 .debug_info    0x00002d56      0x9d9 Drivers\STM32F7xx_HAL_Driver\Src\stm32f7xx_hal.o
 .debug_info    0x0000372f     0x1050 Drivers\STM32F7xx_HAL_Driver\Src\stm32f7xx_hal_cortex.o
 .debug_info    0x0000477f      0x7db Drivers\STM32F7xx_HAL_Driver\Src\stm32f7xx_hal_gpio.o
 .debug_info    0x00004f5a      0x935 Drivers\STM32F7xx_HAL_Driver\Src\stm32f7xx_hal_rcc.o
 .debug_info    0x0000588f     0x259d Drivers\STM32F7xx_HAL_Driver\Src\stm32f7xx_hal_tim.o
 .debug_info    0x00007e2c     0x1218 Drivers\STM32F7xx_HAL_Driver\Src\stm32f7xx_hal_tim_ex.o
 .debug_info    0x00009044       0x78 startup\startup_stm32f756xx.o

.debug_abbrev   0x00000000     0x14d0
 .debug_abbrev  0x00000000      0x24b Core\Src\main.o
 .debug_abbrev  0x0000024b      0x16f Core\Src\matrix.o
 .debug_abbrev  0x000003ba      0x19f Core\Src\stm32f7xx_hal_msp.o
 .debug_abbrev  0x00000559      0x153 Core\Src\stm32f7xx_it.o
 .debug_abbrev  0x000006ac      0x142 Core\Src\system_stm32f7xx.o
 .debug_abbrev  0x000007ee      0x1c2 Drivers\STM32F7xx_HAL_Driver\Src\stm32f7xx_hal.o
 .debug_abbrev  0x000009b0      0x2f5 Drivers\STM32F7xx_HAL_Driver\Src\stm32f7xx_hal_cortex.o
 .debug_abbrev  0x00000ca5      0x1c4 Drivers\STM32F7xx_HAL_Driver\Src\stm32f7xx_hal_gpio.o
 .debug_abbrev  0x00000e69      0x215 Drivers\STM32F7xx_HAL_Driver\Src\stm32f7xx_hal_rcc.o
 .debug_abbrev  0x0000107e      0x229 Drivers\STM32F7xx_HAL_Driver\Src\stm32f7xx_hal_tim.o
 .debug_abbrev  0x000012a7      0x217 Drivers\STM32F7xx_HAL_Driver\Src\stm32f7xx_hal_tim_ex.o
 .debug_abbrev  0x000014be       0x12 startup\startup_stm32f756xx.o

.debug_aranges  0x00000000      0x998
 .debug_aranges
                0x00000000       0x58 Core\Src\main.o
 .debug_aranges
                0x00000058       0x38 Core\Src\matrix.o
 .debug_aranges
                0x00000090       0x38 Core\Src\stm32f7xx_hal_msp.o
 .debug_aranges
                0x000000c8       0x70 Core\Src\stm32f7xx_it.o
 .debug_aranges
                0x00000138       0x28 Core\Src\system_stm32f7xx.o
 .debug_aranges
                0x00000160      0x100 Drivers\STM32F7xx_HAL_Driver\Src\stm32f7xx_hal.o
 .debug_aranges
                0x00000260      0x118 Drivers\STM32F7xx_HAL_Driver\Src\stm32f7xx_hal_cortex.o
 .debug_aranges
                0x00000378       0x58 Drivers\STM32F7xx_HAL_Driver\Src\stm32f7xx_hal_gpio.o
 .debug_aranges
                0x000003d0       0x88 Drivers\STM32F7xx_HAL_Driver\Src\stm32f7xx_hal_rcc.o
 .debug_aranges
                0x00000458      0x3b8 Drivers\STM32F7xx_HAL_Driver\Src\stm32f7xx_hal_tim.o
 .debug_aranges
                0x00000810      0x160 Drivers\STM32F7xx_HAL_Driver\Src\stm32f7xx_hal_tim_ex.o
 .debug_aranges
                0x00000970       0x28 startup\startup_stm32f756xx.o

.debug_ranges   0x00000000      0x8e0
 .debug_ranges  0x00000000       0x48 Core\Src\main.o
 .debug_ranges  0x00000048       0x28 Core\Src\matrix.o
 .debug_ranges  0x00000070       0x28 Core\Src\stm32f7xx_hal_msp.o
 .debug_ranges  0x00000098       0x60 Core\Src\stm32f7xx_it.o
 .debug_ranges  0x000000f8       0x18 Core\Src\system_stm32f7xx.o
 .debug_ranges  0x00000110       0xf0 Drivers\STM32F7xx_HAL_Driver\Src\stm32f7xx_hal.o
 .debug_ranges  0x00000200      0x108 Drivers\STM32F7xx_HAL_Driver\Src\stm32f7xx_hal_cortex.o
 .debug_ranges  0x00000308       0x48 Drivers\STM32F7xx_HAL_Driver\Src\stm32f7xx_hal_gpio.o
 .debug_ranges  0x00000350       0x78 Drivers\STM32F7xx_HAL_Driver\Src\stm32f7xx_hal_rcc.o
 .debug_ranges  0x000003c8      0x3a8 Drivers\STM32F7xx_HAL_Driver\Src\stm32f7xx_hal_tim.o
 .debug_ranges  0x00000770      0x150 Drivers\STM32F7xx_HAL_Driver\Src\stm32f7xx_hal_tim_ex.o
 .debug_ranges  0x000008c0       0x20 startup\startup_stm32f756xx.o

.debug_line     0x00000000     0x3fa4
 .debug_line    0x00000000      0x3c5 Core\Src\main.o
 .debug_line    0x000003c5      0x25e Core\Src\matrix.o
 .debug_line    0x00000623      0x2a8 Core\Src\stm32f7xx_hal_msp.o
 .debug_line    0x000008cb      0x2e9 Core\Src\stm32f7xx_it.o
 .debug_line    0x00000bb4      0x20d Core\Src\system_stm32f7xx.o
 .debug_line    0x00000dc1      0x433 Drivers\STM32F7xx_HAL_Driver\Src\stm32f7xx_hal.o
 .debug_line    0x000011f4      0x553 Drivers\STM32F7xx_HAL_Driver\Src\stm32f7xx_hal_cortex.o
 .debug_line    0x00001747      0x43f Drivers\STM32F7xx_HAL_Driver\Src\stm32f7xx_hal_gpio.o
 .debug_line    0x00001b86      0x501 Drivers\STM32F7xx_HAL_Driver\Src\stm32f7xx_hal_rcc.o
 .debug_line    0x00002087     0x158d Drivers\STM32F7xx_HAL_Driver\Src\stm32f7xx_hal_tim.o
 .debug_line    0x00003614      0x912 Drivers\STM32F7xx_HAL_Driver\Src\stm32f7xx_hal_tim_ex.o
 .debug_line    0x00003f26       0x7e startup\startup_stm32f756xx.o

.debug_str      0x00000000     0x3192
 .debug_str     0x00000000      0xacf Core\Src\main.o
                                0xb6d (size before relaxing)
 .debug_str     0x00000acf       0x9b Core\Src\matrix.o
                                0x37e (size before relaxing)
 .debug_str     0x00000b6a      0x625 Core\Src\stm32f7xx_hal_msp.o
                                0xea8 (size before relaxing)
 .debug_str     0x0000118f       0xd5 Core\Src\stm32f7xx_it.o
                                0x7c4 (size before relaxing)
 .debug_str     0x00001264      0x178 Core\Src\system_stm32f7xx.o
                                0x512 (size before relaxing)
 .debug_str     0x000013dc      0x2f8 Drivers\STM32F7xx_HAL_Driver\Src\stm32f7xx_hal.o
                                0xc88 (size before relaxing)
 .debug_str     0x000016d4      0x499 Drivers\STM32F7xx_HAL_Driver\Src\stm32f7xx_hal_cortex.o
                                0xe8f (size before relaxing)
 .debug_str     0x00001b6d      0x12c Drivers\STM32F7xx_HAL_Driver\Src\stm32f7xx_hal_gpio.o
                                0x5e0 (size before relaxing)
 .debug_str     0x00001c99      0x1dc Drivers\STM32F7xx_HAL_Driver\Src\stm32f7xx_hal_rcc.o
                                0x792 (size before relaxing)
 .debug_str     0x00001e75      0xd8c Drivers\STM32F7xx_HAL_Driver\Src\stm32f7xx_hal_tim.o
                               0x15b3 (size before relaxing)
 .debug_str     0x00002c01      0x591 Drivers\STM32F7xx_HAL_Driver\Src\stm32f7xx_hal_tim_ex.o
                                0xe06 (size before relaxing)

.comment        0x00000000       0x7c
 .comment       0x00000000       0x7c Core\Src\main.o
                                 0x7d (size before relaxing)
 .comment       0x0000007c       0x7d Core\Src\matrix.o
 .comment       0x0000007c       0x7d Core\Src\stm32f7xx_hal_msp.o
 .comment       0x0000007c       0x7d Core\Src\stm32f7xx_it.o
 .comment       0x0000007c       0x7d Core\Src\system_stm32f7xx.o
 .comment       0x0000007c       0x7d Drivers\STM32F7xx_HAL_Driver\Src\stm32f7xx_hal.o
 .comment       0x0000007c       0x7d Drivers\STM32F7xx_HAL_Driver\Src\stm32f7xx_hal_cortex.o
 .comment       0x0000007c       0x7d Drivers\STM32F7xx_HAL_Driver\Src\stm32f7xx_hal_gpio.o
 .comment       0x0000007c       0x7d Drivers\STM32F7xx_HAL_Driver\Src\stm32f7xx_hal_rcc.o
 .comment       0x0000007c       0x7d Drivers\STM32F7xx_HAL_Driver\Src\stm32f7xx_hal_tim.o
 .comment       0x0000007c       0x7d Drivers\STM32F7xx_HAL_Driver\Src\stm32f7xx_hal_tim_ex.o

.debug_frame    0x00000000     0x2788
 .debug_frame   0x00000000      0x120 Core\Src\main.o
 .debug_frame   0x00000120       0x9c Core\Src\matrix.o
 .debug_frame   0x000001bc       0xa4 Core\Src\stm32f7xx_hal_msp.o
 .debug_frame   0x00000260      0x13c Core\Src\stm32f7xx_it.o
 .debug_frame   0x0000039c       0x58 Core\Src\system_stm32f7xx.o
 .debug_frame   0x000003f4      0x3b4 Drivers\STM32F7xx_HAL_Driver\Src\stm32f7xx_hal.o
 .debug_frame   0x000007a8      0x498 Drivers\STM32F7xx_HAL_Driver\Src\stm32f7xx_hal_cortex.o
 .debug_frame   0x00000c40      0x14c Drivers\STM32F7xx_HAL_Driver\Src\stm32f7xx_hal_gpio.o
 .debug_frame   0x00000d8c      0x1fc Drivers\STM32F7xx_HAL_Driver\Src\stm32f7xx_hal_rcc.o
 .debug_frame   0x00000f88     0x1144 Drivers\STM32F7xx_HAL_Driver\Src\stm32f7xx_hal_tim.o
 .debug_frame   0x000020cc      0x610 Drivers\STM32F7xx_HAL_Driver\Src\stm32f7xx_hal_tim_ex.o
 .debug_frame   0x000026dc       0x2c c:/program files (x86)/atollic/truestudio for stm32 9.3.0/armtools/bin/../lib/gcc/arm-atollic-eabi/6.3.1/../../../../arm-atollic-eabi/lib/armv7e-m/fpu/fpv5-sp-d16\libc_nano.a(lib_a-init.o)
 .debug_frame   0x00002708       0x20 c:/program files (x86)/atollic/truestudio for stm32 9.3.0/armtools/bin/../lib/gcc/arm-atollic-eabi/6.3.1/../../../../arm-atollic-eabi/lib/armv7e-m/fpu/fpv5-sp-d16\libc_nano.a(lib_a-memset.o)
 .debug_frame   0x00002728       0x2c c:/program files (x86)/atollic/truestudio for stm32 9.3.0/armtools/bin/../lib/gcc/arm-atollic-eabi/6.3.1/armv7e-m/fpu/fpv5-sp-d16\libgcc.a(_aeabi_uldivmod.o)
 .debug_frame   0x00002754       0x34 c:/program files (x86)/atollic/truestudio for stm32 9.3.0/armtools/bin/../lib/gcc/arm-atollic-eabi/6.3.1/armv7e-m/fpu/fpv5-sp-d16\libgcc.a(_udivmoddi4.o)
