main.c:91:6:lcd_jelzes	16	static
main.c:105:6:read_matrix	16	static
main.c:162:6:HAL_TIM_PeriodElapsedCallback	16	static
main.c:219:6:HAL_UART_RxCpltCallback	16	static
main.c:268:5:main	8	static
main.c:337:6:SystemClock_Config	216	static
main.c:384:13:MX_ADC1_Init	24	static
main.c:434:13:MX_ADC2_Init	24	static
main.c:484:13:MX_TIM4_Init	48	static
main.c:533:13:MX_TIM12_Init	40	static
main.c:575:13:MX_USART3_UART_Init	8	static
main.c:610:13:MX_GPIO_Init	56	static
main.c:689:6:Error_Handler	4	static
