Archive member included to satisfy reference by file (symbol)

c:/program files (x86)/atollic/truestudio for stm32 9.3.0/armtools/bin/../lib/gcc/arm-atollic-eabi/6.3.1/../../../../arm-atollic-eabi/lib/armv7e-m/fpu/fpv5-sp-d16\libc_nano.a(lib_a-errno.o)
                              Core\Src\syscalls.o (__errno)
c:/program files (x86)/atollic/truestudio for stm32 9.3.0/armtools/bin/../lib/gcc/arm-atollic-eabi/6.3.1/../../../../arm-atollic-eabi/lib/armv7e-m/fpu/fpv5-sp-d16\libc_nano.a(lib_a-impure.o)
                              c:/program files (x86)/atollic/truestudio for stm32 9.3.0/armtools/bin/../lib/gcc/arm-atollic-eabi/6.3.1/../../../../arm-atollic-eabi/lib/armv7e-m/fpu/fpv5-sp-d16\libc_nano.a(lib_a-errno.o) (_impure_ptr)
c:/program files (x86)/atollic/truestudio for stm32 9.3.0/armtools/bin/../lib/gcc/arm-atollic-eabi/6.3.1/../../../../arm-atollic-eabi/lib/armv7e-m/fpu/fpv5-sp-d16\libc_nano.a(lib_a-init.o)
                              startup\startup_stm32f756xx.o (__libc_init_array)
c:/program files (x86)/atollic/truestudio for stm32 9.3.0/armtools/bin/../lib/gcc/arm-atollic-eabi/6.3.1/../../../../arm-atollic-eabi/lib/armv7e-m/fpu/fpv5-sp-d16\libc_nano.a(lib_a-memset.o)
                              Core\Src\main.o (memset)
c:/program files (x86)/atollic/truestudio for stm32 9.3.0/armtools/bin/../lib/gcc/arm-atollic-eabi/6.3.1/armv7e-m/fpu/fpv5-sp-d16\libgcc.a(_aeabi_uldivmod.o)
                              Drivers\STM32F7xx_HAL_Driver\Src\stm32f7xx_hal_rcc.o (__aeabi_uldivmod)
c:/program files (x86)/atollic/truestudio for stm32 9.3.0/armtools/bin/../lib/gcc/arm-atollic-eabi/6.3.1/armv7e-m/fpu/fpv5-sp-d16\libgcc.a(_udivmoddi4.o)
                              c:/program files (x86)/atollic/truestudio for stm32 9.3.0/armtools/bin/../lib/gcc/arm-atollic-eabi/6.3.1/armv7e-m/fpu/fpv5-sp-d16\libgcc.a(_aeabi_uldivmod.o) (__udivmoddi4)
c:/program files (x86)/atollic/truestudio for stm32 9.3.0/armtools/bin/../lib/gcc/arm-atollic-eabi/6.3.1/armv7e-m/fpu/fpv5-sp-d16\libgcc.a(_dvmd_tls.o)
                              c:/program files (x86)/atollic/truestudio for stm32 9.3.0/armtools/bin/../lib/gcc/arm-atollic-eabi/6.3.1/armv7e-m/fpu/fpv5-sp-d16\libgcc.a(_aeabi_uldivmod.o) (__aeabi_ldiv0)

Allocating common symbols
Common symbol       size              file

adc_data_reg        0x4               Core\Src\main.o
htim4               0x40              Core\Src\main.o
lcd_num             0x2               Core\Src\matrix.o
hadc2               0x48              Core\Src\main.o
uwTick              0x4               Drivers\STM32F7xx_HAL_Driver\Src\stm32f7xx_hal.o
pFlash              0x1c              Drivers\STM32F7xx_HAL_Driver\Src\stm32f7xx_hal_flash.o
hadc1               0x48              Core\Src\main.o
htim12              0x40              Core\Src\main.o

Discarded input sections

 .text          0x00000000        0x0 c:/program files (x86)/atollic/truestudio for stm32 9.3.0/armtools/bin/../lib/gcc/arm-atollic-eabi/6.3.1/armv7e-m/fpu/fpv5-sp-d16/crti.o
 .data          0x00000000        0x0 c:/program files (x86)/atollic/truestudio for stm32 9.3.0/armtools/bin/../lib/gcc/arm-atollic-eabi/6.3.1/armv7e-m/fpu/fpv5-sp-d16/crti.o
 .bss           0x00000000        0x0 c:/program files (x86)/atollic/truestudio for stm32 9.3.0/armtools/bin/../lib/gcc/arm-atollic-eabi/6.3.1/armv7e-m/fpu/fpv5-sp-d16/crti.o
 .data          0x00000000        0x4 c:/program files (x86)/atollic/truestudio for stm32 9.3.0/armtools/bin/../lib/gcc/arm-atollic-eabi/6.3.1/armv7e-m/fpu/fpv5-sp-d16/crtbegin.o
 .text          0x00000000        0x0 Core\Src\lcd.o
 .data          0x00000000        0x0 Core\Src\lcd.o
 .bss           0x00000000        0x0 Core\Src\lcd.o
 .text          0x00000000        0x0 Core\Src\main.o
 .data          0x00000000        0x0 Core\Src\main.o
 .bss           0x00000000        0x0 Core\Src\main.o
 .text          0x00000000        0x0 Core\Src\matrix.o
 .data          0x00000000        0x0 Core\Src\matrix.o
 .bss           0x00000000        0x0 Core\Src\matrix.o
 .data.row      0x00000000        0x1 Core\Src\matrix.o
 .data.m_button2
                0x00000000        0x1 Core\Src\matrix.o
 .rodata.billtomb
                0x00000000        0xc Core\Src\matrix.o
 .data.sor_pin  0x00000000        0x8 Core\Src\matrix.o
 .data.matrix_pin
                0x00000000        0xe Core\Src\matrix.o
 .data.sor_gpio_port
                0x00000000       0x10 Core\Src\matrix.o
 .data.matrix_gpio_port
                0x00000000       0x1c Core\Src\matrix.o
 .text.matrix_row
                0x00000000       0x68 Core\Src\matrix.o
 .text.matrix_scann
                0x00000000       0x58 Core\Src\matrix.o
 .text.matrix_search
                0x00000000       0x98 Core\Src\matrix.o
 .text.get_key  0x00000000       0x18 Core\Src\matrix.o
 .debug_info    0x00000000      0x3f3 Core\Src\matrix.o
 .debug_abbrev  0x00000000      0x16f Core\Src\matrix.o
 .debug_aranges
                0x00000000       0x38 Core\Src\matrix.o
[...]
Memory Configuration

Name             Origin             Length             Attributes
RAM              0x20000000         0x00050000         xrw
FLASH            0x08000000         0x00100000         xr
*default*        0x00000000         0xffffffff

Linker script and memory map

LOAD c:/program files (x86)/atollic/truestudio for stm32 9.3.0/armtools/bin/../lib/gcc/arm-atollic-eabi/6.3.1/armv7e-m/fpu/fpv5-sp-d16/crti.o
LOAD c:/program files (x86)/atollic/truestudio for stm32 9.3.0/armtools/bin/../lib/gcc/arm-atollic-eabi/6.3.1/armv7e-m/fpu/fpv5-sp-d16/crtbegin.o
LOAD Core\Src\lcd.o
LOAD Core\Src\main.o
LOAD Core\Src\matrix.o
LOAD Core\Src\stm32f7xx_hal_msp.o
LOAD Core\Src\stm32f7xx_it.o
LOAD Core\Src\syscalls.o
LOAD Core\Src\system_stm32f7xx.o
LOAD Drivers\STM32F7xx_HAL_Driver\Src\stm32f7xx_hal.o
LOAD Drivers\STM32F7xx_HAL_Driver\Src\stm32f7xx_hal_adc.o
LOAD Drivers\STM32F7xx_HAL_Driver\Src\stm32f7xx_hal_adc_ex.o
LOAD Drivers\STM32F7xx_HAL_Driver\Src\stm32f7xx_hal_cortex.o
LOAD Drivers\STM32F7xx_HAL_Driver\Src\stm32f7xx_hal_dma.o
LOAD Drivers\STM32F7xx_HAL_Driver\Src\stm32f7xx_hal_dma_ex.o
LOAD Drivers\STM32F7xx_HAL_Driver\Src\stm32f7xx_hal_exti.o
LOAD Drivers\STM32F7xx_HAL_Driver\Src\stm32f7xx_hal_flash.o
LOAD Drivers\STM32F7xx_HAL_Driver\Src\stm32f7xx_hal_flash_ex.o
LOAD Drivers\STM32F7xx_HAL_Driver\Src\stm32f7xx_hal_gpio.o
LOAD Drivers\STM32F7xx_HAL_Driver\Src\stm32f7xx_hal_i2c.o
LOAD Drivers\STM32F7xx_HAL_Driver\Src\stm32f7xx_hal_i2c_ex.o
LOAD Drivers\STM32F7xx_HAL_Driver\Src\stm32f7xx_hal_pwr.o
LOAD Drivers\STM32F7xx_HAL_Driver\Src\stm32f7xx_hal_pwr_ex.o
LOAD Drivers\STM32F7xx_HAL_Driver\Src\stm32f7xx_hal_rcc.o
LOAD Drivers\STM32F7xx_HAL_Driver\Src\stm32f7xx_hal_rcc_ex.o
LOAD Drivers\STM32F7xx_HAL_Driver\Src\stm32f7xx_hal_tim.o
LOAD Drivers\STM32F7xx_HAL_Driver\Src\stm32f7xx_hal_tim_ex.o
LOAD startup\startup_stm32f756xx.o
                0x00000080                malloc_getpagesize_P = 0x80
START GROUP
LOAD c:/program files (x86)/atollic/truestudio for stm32 9.3.0/armtools/bin/../lib/gcc/arm-atollic-eabi/6.3.1/../../../../arm-atollic-eabi/lib/armv7e-m/fpu/fpv5-sp-d16\libc_nano.a
LOAD c:/program files (x86)/atollic/truestudio for stm32 9.3.0/armtools/bin/../lib/gcc/arm-atollic-eabi/6.3.1/../../../../arm-atollic-eabi/lib/armv7e-m/fpu/fpv5-sp-d16\libm.a
END GROUP
START GROUP
LOAD c:/program files (x86)/atollic/truestudio for stm32 9.3.0/armtools/bin/../lib/gcc/arm-atollic-eabi/6.3.1/armv7e-m/fpu/fpv5-sp-d16\libgcc.a
LOAD c:/program files (x86)/atollic/truestudio for stm32 9.3.0/armtools/bin/../lib/gcc/arm-atollic-eabi/6.3.1/../../../../arm-atollic-eabi/lib/armv7e-m/fpu/fpv5-sp-d16\libc_nano.a
END GROUP
START GROUP
LOAD c:/program files (x86)/atollic/truestudio for stm32 9.3.0/armtools/bin/../lib/gcc/arm-atollic-eabi/6.3.1/armv7e-m/fpu/fpv5-sp-d16\libgcc.a
LOAD c:/program files (x86)/atollic/truestudio for stm32 9.3.0/armtools/bin/../lib/gcc/arm-atollic-eabi/6.3.1/../../../../arm-atollic-eabi/lib/armv7e-m/fpu/fpv5-sp-d16\libc_nano.a
LOAD c:/program files (x86)/atollic/truestudio for stm32 9.3.0/armtools/bin/../lib/gcc/arm-atollic-eabi/6.3.1/../../../../arm-atollic-eabi/lib/armv7e-m/fpu/fpv5-sp-d16\libnosys.a
END GROUP
START GROUP
LOAD c:/program files (x86)/atollic/truestudio for stm32 9.3.0/armtools/bin/../lib/gcc/arm-atollic-eabi/6.3.1/armv7e-m/fpu/fpv5-sp-d16\libgcc.a
LOAD c:/program files (x86)/atollic/truestudio for stm32 9.3.0/armtools/bin/../lib/gcc/arm-atollic-eabi/6.3.1/../../../../arm-atollic-eabi/lib/armv7e-m/fpu/fpv5-sp-d16\libc_nano.a
LOAD c:/program files (x86)/atollic/truestudio for stm32 9.3.0/armtools/bin/../lib/gcc/arm-atollic-eabi/6.3.1/../../../../arm-atollic-eabi/lib/armv7e-m/fpu/fpv5-sp-d16\libnosys.a
END GROUP
LOAD c:/program files (x86)/atollic/truestudio for stm32 9.3.0/armtools/bin/../lib/gcc/arm-atollic-eabi/6.3.1/armv7e-m/fpu/fpv5-sp-d16/crtend.o
LOAD c:/program files (x86)/atollic/truestudio for stm32 9.3.0/armtools/bin/../lib/gcc/arm-atollic-eabi/6.3.1/armv7e-m/fpu/fpv5-sp-d16/crtn.o
                0x20050000                _estack = 0x20050000
                0x00000200                _Min_Heap_Size = 0x200
                0x00000400                _Min_Stack_Size = 0x400

.isr_vector     0x08000000      0x1c8
                0x08000000                . = ALIGN (0x4)
 *(.isr_vector)
 .isr_vector    0x08000000      0x1c8 startup\startup_stm32f756xx.o
                0x08000000                g_pfnVectors
                0x080001c8                . = ALIGN (0x4)

.text           0x080001c8     0x3260
                0x080001c8                . = ALIGN (0x4)
 *(.text)
 .text          0x080001c8       0x40 c:/program files (x86)/atollic/truestudio for stm32 9.3.0/armtools/bin/../lib/gcc/arm-atollic-eabi/6.3.1/armv7e-m/fpu/fpv5-sp-d16/crtbegin.o
 .text          0x08000208       0x30 c:/program files (x86)/atollic/truestudio for stm32 9.3.0/armtools/bin/../lib/gcc/arm-atollic-eabi/6.3.1/armv7e-m/fpu/fpv5-sp-d16\libgcc.a(_aeabi_uldivmod.o)
                0x08000208                __aeabi_uldivmod
 .text          0x08000238      0x2dc c:/program files (x86)/atollic/truestudio for stm32 9.3.0/armtools/bin/../lib/gcc/arm-atollic-eabi/6.3.1/armv7e-m/fpu/fpv5-sp-d16\libgcc.a(_udivmoddi4.o)
                0x08000238                __udivmoddi4
 .text          0x08000514        0x4 c:/program files (x86)/atollic/truestudio for stm32 9.3.0/armtools/bin/../lib/gcc/arm-atollic-eabi/6.3.1/armv7e-m/fpu/fpv5-sp-d16\libgcc.a(_dvmd_tls.o)
                0x08000514                __aeabi_idiv0
                0x08000514                __aeabi_ldiv0
 *(.text*)
 .text.LCD_clock
                0x08000518       0x38 Core\Src\lcd.o
                0x08000518                LCD_clock
 .text.LCD_write
                0x08000550       0xd8 Core\Src\lcd.o
                0x08000550                LCD_write
 .text.LCD_data
                0x08000628       0x28 Core\Src\lcd.o
                0x08000628                LCD_data
 .text.LCD_cmd  0x08000650       0x28 Core\Src\lcd.o
                0x08000650                LCD_cmd
 .text.LCD_init
                0x08000678       0x3e Core\Src\lcd.o
                0x08000678                LCD_init
 .text.LCD_string
                0x080006b6       0x28 Core\Src\lcd.o
                0x080006b6                LCD_string
 *fill*         0x080006de        0x2 
 .text.LCD_xy   0x080006e0       0x64 Core\Src\lcd.o
                0x080006e0                LCD_xy
 .text.HAL_TIM_PeriodElapsedCallback
                0x08000744       0x60 Core\Src\main.o
                0x08000744                HAL_TIM_PeriodElapsedCallback
 .text.main     0x080007a4      0x180 Core\Src\main.o
                0x080007a4                main
 .text.SystemClock_Config
                0x08000924       0xb8 Core\Src\main.o
                0x08000924                SystemClock_Config
 .text.MX_ADC1_Init
                0x080009dc       0xa8 Core\Src\main.o
 .text.MX_ADC2_Init
                0x08000a84       0xa4 Core\Src\main.o
 .text.MX_TIM4_Init
                0x08000b28       0xb4 Core\Src\main.o
 .text.MX_TIM12_Init
                0x08000bdc       0x88 Core\Src\main.o
 .text.MX_GPIO_Init
                0x08000c64      0x188 Core\Src\main.o
 .text.Error_Handler
                0x08000dec        0x8 Core\Src\main.o
                0x08000dec                Error_Handler
 .text.HAL_MspInit
                0x08000df4       0x48 Core\Src\stm32f7xx_hal_msp.o
                0x08000df4                HAL_MspInit
 .text.HAL_ADC_MspInit
                0x08000e3c       0xa8 Core\Src\stm32f7xx_hal_msp.o
                0x08000e3c                HAL_ADC_MspInit
 .text.HAL_TIM_PWM_MspInit
                0x08000ee4       0x84 Core\Src\stm32f7xx_hal_msp.o
                0x08000ee4                HAL_TIM_PWM_MspInit
 .text.HAL_TIM_MspPostInit
                0x08000f68       0xb8 Core\Src\stm32f7xx_hal_msp.o
                0x08000f68                HAL_TIM_MspPostInit
 .text.NMI_Handler
                0x08001020        0x6 Core\Src\stm32f7xx_it.o
                0x08001020                NMI_Handler
 .text.HardFault_Handler
                0x08001026        0x6 Core\Src\stm32f7xx_it.o
                0x08001026                HardFault_Handler
 .text.MemManage_Handler
                0x0800102c        0x6 Core\Src\stm32f7xx_it.o
                0x0800102c                MemManage_Handler
 .text.BusFault_Handler
                0x08001032        0x6 Core\Src\stm32f7xx_it.o
                0x08001032                BusFault_Handler
 .text.UsageFault_Handler
                0x08001038        0x6 Core\Src\stm32f7xx_it.o
                0x08001038                UsageFault_Handler
 .text.SVC_Handler
                0x0800103e        0xe Core\Src\stm32f7xx_it.o
                0x0800103e                SVC_Handler
 .text.DebugMon_Handler
                0x0800104c        0xe Core\Src\stm32f7xx_it.o
                0x0800104c                DebugMon_Handler
 .text.PendSV_Handler
                0x0800105a        0xe Core\Src\stm32f7xx_it.o
                0x0800105a                PendSV_Handler
 .text.SysTick_Handler
                0x08001068        0xc Core\Src\stm32f7xx_it.o
                0x08001068                SysTick_Handler
 .text.TIM4_IRQHandler
                0x08001074       0x14 Core\Src\stm32f7xx_it.o
                0x08001074                TIM4_IRQHandler
 .text.TIM8_BRK_TIM12_IRQHandler
                0x08001088       0x14 Core\Src\stm32f7xx_it.o
                0x08001088                TIM8_BRK_TIM12_IRQHandler
 .text.SystemInit
                0x0800109c       0x2c Core\Src\system_stm32f7xx.o
                0x0800109c                SystemInit
 .text.HAL_Init
                0x080010c8       0x1a Drivers\STM32F7xx_HAL_Driver\Src\stm32f7xx_hal.o
                0x080010c8                HAL_Init
 *fill*         0x080010e2        0x2 
 .text.HAL_InitTick
                0x080010e4       0x60 Drivers\STM32F7xx_HAL_Driver\Src\stm32f7xx_hal.o
                0x080010e4                HAL_InitTick
 .text.HAL_IncTick
                0x08001144       0x28 Drivers\STM32F7xx_HAL_Driver\Src\stm32f7xx_hal.o
                0x08001144                HAL_IncTick
 .text.HAL_GetTick
                0x0800116c       0x18 Drivers\STM32F7xx_HAL_Driver\Src\stm32f7xx_hal.o
                0x0800116c                HAL_GetTick
 .text.HAL_Delay
                0x08001184       0x44 Drivers\STM32F7xx_HAL_Driver\Src\stm32f7xx_hal.o
                0x08001184                HAL_Delay
 .text.HAL_ADC_Init
                0x080011c8       0x88 Drivers\STM32F7xx_HAL_Driver\Src\stm32f7xx_hal_adc.o
                0x080011c8                HAL_ADC_Init
 .text.HAL_ADC_Start
                0x08001250      0x180 Drivers\STM32F7xx_HAL_Driver\Src\stm32f7xx_hal_adc.o
                0x08001250                HAL_ADC_Start
 .text.HAL_ADC_GetValue
                0x080013d0       0x1a Drivers\STM32F7xx_HAL_Driver\Src\stm32f7xx_hal_adc.o
                0x080013d0                HAL_ADC_GetValue
 *fill*         0x080013ea        0x2 
 .text.HAL_ADC_ConfigChannel
                0x080013ec      0x294 Drivers\STM32F7xx_HAL_Driver\Src\stm32f7xx_hal_adc.o
                0x080013ec                HAL_ADC_ConfigChannel
 .text.ADC_Init
                0x08001680      0x1f4 Drivers\STM32F7xx_HAL_Driver\Src\stm32f7xx_hal_adc.o
 .text.__NVIC_SetPriorityGrouping
                0x08001874       0x48 Drivers\STM32F7xx_HAL_Driver\Src\stm32f7xx_hal_cortex.o
 .text.__NVIC_GetPriorityGrouping
                0x080018bc       0x1c Drivers\STM32F7xx_HAL_Driver\Src\stm32f7xx_hal_cortex.o
 .text.__NVIC_EnableIRQ
                0x080018d8       0x3c Drivers\STM32F7xx_HAL_Driver\Src\stm32f7xx_hal_cortex.o
 .text.__NVIC_SetPriority
                0x08001914       0x54 Drivers\STM32F7xx_HAL_Driver\Src\stm32f7xx_hal_cortex.o
 .text.NVIC_EncodePriority
                0x08001968       0x62 Drivers\STM32F7xx_HAL_Driver\Src\stm32f7xx_hal_cortex.o
 *fill*         0x080019ca        0x2 
 .text.SysTick_Config
                0x080019cc       0x44 Drivers\STM32F7xx_HAL_Driver\Src\stm32f7xx_hal_cortex.o
 .text.HAL_NVIC_SetPriorityGrouping
                0x08001a10       0x16 Drivers\STM32F7xx_HAL_Driver\Src\stm32f7xx_hal_cortex.o
                0x08001a10                HAL_NVIC_SetPriorityGrouping
 .text.HAL_NVIC_SetPriority
                0x08001a26       0x38 Drivers\STM32F7xx_HAL_Driver\Src\stm32f7xx_hal_cortex.o
                0x08001a26                HAL_NVIC_SetPriority
 .text.HAL_NVIC_EnableIRQ
                0x08001a5e       0x1c Drivers\STM32F7xx_HAL_Driver\Src\stm32f7xx_hal_cortex.o
                0x08001a5e                HAL_NVIC_EnableIRQ
 .text.HAL_SYSTICK_Config
                0x08001a7a       0x18 Drivers\STM32F7xx_HAL_Driver\Src\stm32f7xx_hal_cortex.o
                0x08001a7a                HAL_SYSTICK_Config
 *fill*         0x08001a92        0x2 
 .text.HAL_GPIO_Init
                0x08001a94      0x354 Drivers\STM32F7xx_HAL_Driver\Src\stm32f7xx_hal_gpio.o
                0x08001a94                HAL_GPIO_Init
 .text.HAL_GPIO_WritePin
                0x08001de8       0x32 Drivers\STM32F7xx_HAL_Driver\Src\stm32f7xx_hal_gpio.o
                0x08001de8                HAL_GPIO_WritePin
 *fill*         0x08001e1a        0x2 
 .text.HAL_RCC_OscConfig
                0x08001e1c      0x548 Drivers\STM32F7xx_HAL_Driver\Src\stm32f7xx_hal_rcc.o
                0x08001e1c                HAL_RCC_OscConfig
 .text.HAL_RCC_ClockConfig
                0x08002364      0x1d8 Drivers\STM32F7xx_HAL_Driver\Src\stm32f7xx_hal_rcc.o
                0x08002364                HAL_RCC_ClockConfig
 .text.HAL_RCC_GetSysClockFreq
                0x0800253c      0x16c Drivers\STM32F7xx_HAL_Driver\Src\stm32f7xx_hal_rcc.o
                0x0800253c                HAL_RCC_GetSysClockFreq
 .text.HAL_TIM_Base_Start_IT
                0x080026a8       0x54 Drivers\STM32F7xx_HAL_Driver\Src\stm32f7xx_hal_tim.o
                0x080026a8                HAL_TIM_Base_Start_IT
 .text.HAL_TIM_PWM_Init
                0x080026fc       0x56 Drivers\STM32F7xx_HAL_Driver\Src\stm32f7xx_hal_tim.o
                0x080026fc                HAL_TIM_PWM_Init
 .text.HAL_TIM_IRQHandler
                0x08002752      0x23e Drivers\STM32F7xx_HAL_Driver\Src\stm32f7xx_hal_tim.o
                0x08002752                HAL_TIM_IRQHandler
 .text.HAL_TIM_PWM_ConfigChannel
                0x08002990      0x230 Drivers\STM32F7xx_HAL_Driver\Src\stm32f7xx_hal_tim.o
                0x08002990                HAL_TIM_PWM_ConfigChannel
 .text.HAL_TIM_OC_DelayElapsedCallback
                0x08002bc0       0x14 Drivers\STM32F7xx_HAL_Driver\Src\stm32f7xx_hal_tim.o
                0x08002bc0                HAL_TIM_OC_DelayElapsedCallback
 .text.HAL_TIM_IC_CaptureCallback
                0x08002bd4       0x14 Drivers\STM32F7xx_HAL_Driver\Src\stm32f7xx_hal_tim.o
                0x08002bd4                HAL_TIM_IC_CaptureCallback
 .text.HAL_TIM_PWM_PulseFinishedCallback
                0x08002be8       0x14 Drivers\STM32F7xx_HAL_Driver\Src\stm32f7xx_hal_tim.o
                0x08002be8                HAL_TIM_PWM_PulseFinishedCallback
 .text.HAL_TIM_TriggerCallback
                0x08002bfc       0x14 Drivers\STM32F7xx_HAL_Driver\Src\stm32f7xx_hal_tim.o
                0x08002bfc                HAL_TIM_TriggerCallback
 .text.TIM_Base_SetConfig
                0x08002c10      0x140 Drivers\STM32F7xx_HAL_Driver\Src\stm32f7xx_hal_tim.o
                0x08002c10                TIM_Base_SetConfig
 .text.TIM_OC1_SetConfig
                0x08002d50       0xe4 Drivers\STM32F7xx_HAL_Driver\Src\stm32f7xx_hal_tim.o
 .text.TIM_OC2_SetConfig
                0x08002e34       0xf0 Drivers\STM32F7xx_HAL_Driver\Src\stm32f7xx_hal_tim.o
                0x08002e34                TIM_OC2_SetConfig
 .text.TIM_OC3_SetConfig
                0x08002f24       0xec Drivers\STM32F7xx_HAL_Driver\Src\stm32f7xx_hal_tim.o
 .text.TIM_OC4_SetConfig
                0x08003010       0xb0 Drivers\STM32F7xx_HAL_Driver\Src\stm32f7xx_hal_tim.o
 .text.TIM_OC5_SetConfig
                0x080030c0       0xa4 Drivers\STM32F7xx_HAL_Driver\Src\stm32f7xx_hal_tim.o
 .text.TIM_OC6_SetConfig
                0x08003164       0xa8 Drivers\STM32F7xx_HAL_Driver\Src\stm32f7xx_hal_tim.o
 .text.HAL_TIMEx_MasterConfigSynchronization
                0x0800320c      0x11c Drivers\STM32F7xx_HAL_Driver\Src\stm32f7xx_hal_tim_ex.o
                0x0800320c                HAL_TIMEx_MasterConfigSynchronization
 .text.HAL_TIMEx_CommutCallback
                0x08003328       0x14 Drivers\STM32F7xx_HAL_Driver\Src\stm32f7xx_hal_tim_ex.o
                0x08003328                HAL_TIMEx_CommutCallback
 .text.HAL_TIMEx_BreakCallback
                0x0800333c       0x14 Drivers\STM32F7xx_HAL_Driver\Src\stm32f7xx_hal_tim_ex.o
                0x0800333c                HAL_TIMEx_BreakCallback
 .text.HAL_TIMEx_Break2Callback
                0x08003350       0x14 Drivers\STM32F7xx_HAL_Driver\Src\stm32f7xx_hal_tim_ex.o
                0x08003350                HAL_TIMEx_Break2Callback
 .text.Reset_Handler
                0x08003364       0x50 startup\startup_stm32f756xx.o
                0x08003364                Reset_Handler
 .text.Default_Handler
                0x080033b4        0x2 startup\startup_stm32f756xx.o
                0x080033b4                RTC_Alarm_IRQHandler
                0x080033b4                HASH_RNG_IRQHandler
                0x080033b4                EXTI2_IRQHandler
                0x080033b4                TIM8_CC_IRQHandler
                0x080033b4                UART8_IRQHandler
                0x080033b4                SPI4_IRQHandler
                0x080033b4                TIM1_CC_IRQHandler
                0x080033b4                DMA2_Stream5_IRQHandler
                0x080033b4                DMA1_Stream5_IRQHandler
                0x080033b4                PVD_IRQHandler
                0x080033b4                TAMP_STAMP_IRQHandler
                0x080033b4                CAN2_RX1_IRQHandler
                0x080033b4                EXTI3_IRQHandler
                0x080033b4                TIM8_TRG_COM_TIM14_IRQHandler
                0x080033b4                TIM1_UP_TIM10_IRQHandler
                0x080033b4                TIM8_UP_TIM13_IRQHandler
                0x080033b4                I2C3_ER_IRQHandler
                0x080033b4                EXTI0_IRQHandler
                0x080033b4                I2C2_EV_IRQHandler
                0x080033b4                DMA1_Stream2_IRQHandler
                0x080033b4                CAN1_RX0_IRQHandler
                0x080033b4                FPU_IRQHandler
                0x080033b4                OTG_HS_WKUP_IRQHandler
                0x080033b4                LTDC_ER_IRQHandler
                0x080033b4                CAN2_SCE_IRQHandler
                0x080033b4                DMA2_Stream2_IRQHandler
                0x080033b4                SPI1_IRQHandler
                0x080033b4                TIM6_DAC_IRQHandler
                0x080033b4                TIM1_BRK_TIM9_IRQHandler
                0x080033b4                DCMI_IRQHandler
                0x080033b4                CAN2_RX0_IRQHandler
                0x080033b4                DMA2_Stream3_IRQHandler
                0x080033b4                SAI2_IRQHandler
                0x080033b4                USART6_IRQHandler
                0x080033b4                USART3_IRQHandler
                0x080033b4                CRYP_IRQHandler
                0x080033b4                CAN1_RX1_IRQHandler
                0x080033b4                UART5_IRQHandler
                0x080033b4                DMA2_Stream0_IRQHandler
                0x080033b4                QUADSPI_IRQHandler
                0x080033b4                I2C1_EV_IRQHandler
                0x080033b4                DMA1_Stream6_IRQHandler
                0x080033b4                DMA1_Stream1_IRQHandler
                0x080033b4                UART4_IRQHandler
                0x080033b4                TIM3_IRQHandler
                0x080033b4                RCC_IRQHandler
                0x080033b4                Default_Handler
                0x080033b4                CEC_IRQHandler
                0x080033b4                EXTI15_10_IRQHandler
                0x080033b4                ADC_IRQHandler
                0x080033b4                DMA1_Stream7_IRQHandler
                0x080033b4                SPI5_IRQHandler
                0x080033b4                TIM7_IRQHandler
                0x080033b4                SDMMC1_IRQHandler
                0x080033b4                CAN2_TX_IRQHandler
                0x080033b4                TIM5_IRQHandler
                0x080033b4                DMA2_Stream7_IRQHandler
                0x080033b4                I2C3_EV_IRQHandler
                0x080033b4                EXTI9_5_IRQHandler
                0x080033b4                RTC_WKUP_IRQHandler
                0x080033b4                LTDC_IRQHandler
                0x080033b4                ETH_WKUP_IRQHandler
                0x080033b4                SPDIF_RX_IRQHandler
                0x080033b4                SPI2_IRQHandler
                0x080033b4                OTG_HS_EP1_IN_IRQHandler
                0x080033b4                DMA1_Stream0_IRQHandler
                0x080033b4                CAN1_TX_IRQHandler
                0x080033b4                EXTI4_IRQHandler
                0x080033b4                ETH_IRQHandler
                0x080033b4                OTG_HS_EP1_OUT_IRQHandler
                0x080033b4                WWDG_IRQHandler
                0x080033b4                SPI6_IRQHandler
                0x080033b4                I2C4_EV_IRQHandler
                0x080033b4                TIM2_IRQHandler
                0x080033b4                OTG_FS_WKUP_IRQHandler
                0x080033b4                TIM1_TRG_COM_TIM11_IRQHandler
                0x080033b4                OTG_HS_IRQHandler
                0x080033b4                DMA2D_IRQHandler
                0x080033b4                EXTI1_IRQHandler
                0x080033b4                UART7_IRQHandler
                0x080033b4                USART2_IRQHandler
                0x080033b4                I2C2_ER_IRQHandler
                0x080033b4                DMA2_Stream1_IRQHandler
                0x080033b4                CAN1_SCE_IRQHandler
                0x080033b4                FLASH_IRQHandler
                0x080033b4                DMA2_Stream4_IRQHandler
                0x080033b4                USART1_IRQHandler
                0x080033b4                OTG_FS_IRQHandler
                0x080033b4                SPI3_IRQHandler
                0x080033b4                DMA1_Stream4_IRQHandler
                0x080033b4                I2C1_ER_IRQHandler
                0x080033b4                FMC_IRQHandler
                0x080033b4                LPTIM1_IRQHandler
                0x080033b4                I2C4_ER_IRQHandler
                0x080033b4                DMA2_Stream6_IRQHandler
                0x080033b4                SAI1_IRQHandler
                0x080033b4                DMA1_Stream3_IRQHandler
 *fill*         0x080033b6        0x2 
 .text.__libc_init_array
                0x080033b8       0x48 c:/program files (x86)/atollic/truestudio for stm32 9.3.0/armtools/bin/../lib/gcc/arm-atollic-eabi/6.3.1/../../../../arm-atollic-eabi/lib/armv7e-m/fpu/fpv5-sp-d16\libc_nano.a(lib_a-init.o)
                0x080033b8                __libc_init_array
 .text.memset   0x08003400       0x10 c:/program files (x86)/atollic/truestudio for stm32 9.3.0/armtools/bin/../lib/gcc/arm-atollic-eabi/6.3.1/../../../../arm-atollic-eabi/lib/armv7e-m/fpu/fpv5-sp-d16\libc_nano.a(lib_a-memset.o)
                0x08003400                memset
 *(.glue_7)
 .glue_7        0x08003410        0x0 linker stubs
 *(.glue_7t)
 .glue_7t       0x08003410        0x0 linker stubs
 *(.eh_frame)
 .eh_frame      0x08003410        0x0 c:/program files (x86)/atollic/truestudio for stm32 9.3.0/armtools/bin/../lib/gcc/arm-atollic-eabi/6.3.1/armv7e-m/fpu/fpv5-sp-d16/crtbegin.o
 *(.init)
 .init          0x08003410        0x4 c:/program files (x86)/atollic/truestudio for stm32 9.3.0/armtools/bin/../lib/gcc/arm-atollic-eabi/6.3.1/armv7e-m/fpu/fpv5-sp-d16/crti.o
                0x08003410                _init
 .init          0x08003414        0x8 c:/program files (x86)/atollic/truestudio for stm32 9.3.0/armtools/bin/../lib/gcc/arm-atollic-eabi/6.3.1/armv7e-m/fpu/fpv5-sp-d16/crtn.o
 *(.fini)
 .fini          0x0800341c        0x4 c:/program files (x86)/atollic/truestudio for stm32 9.3.0/armtools/bin/../lib/gcc/arm-atollic-eabi/6.3.1/armv7e-m/fpu/fpv5-sp-d16/crti.o
                0x0800341c                _fini
 .fini          0x08003420        0x8 c:/program files (x86)/atollic/truestudio for stm32 9.3.0/armtools/bin/../lib/gcc/arm-atollic-eabi/6.3.1/armv7e-m/fpu/fpv5-sp-d16/crtn.o
                0x08003428                . = ALIGN (0x4)
                0x08003428                _etext = .

.vfp11_veneer   0x08003428        0x0
 .vfp11_veneer  0x08003428        0x0 linker stubs

.v4_bx          0x08003428        0x0
 .v4_bx         0x08003428        0x0 linker stubs

.iplt           0x08003428        0x0
 .iplt          0x08003428        0x0 c:/program files (x86)/atollic/truestudio for stm32 9.3.0/armtools/bin/../lib/gcc/arm-atollic-eabi/6.3.1/armv7e-m/fpu/fpv5-sp-d16/crtbegin.o

.rodata         0x08003428       0x18
                0x08003428                . = ALIGN (0x4)
 *(.rodata)
 .rodata        0x08003428        0x6 Core\Src\main.o
 *(.rodata*)
 *fill*         0x0800342e        0x2 
 .rodata.AHBPrescTable
                0x08003430       0x10 Core\Src\system_stm32f7xx.o
                0x08003430                AHBPrescTable
                0x08003440                . = ALIGN (0x4)

.ARM.extab
 *(.ARM.extab* .gnu.linkonce.armextab.*)

.ARM            0x08003440        0x8
                0x08003440                __exidx_start = .
 *(.ARM.exidx*)
 .ARM.exidx     0x08003440        0x8 c:/program files (x86)/atollic/truestudio for stm32 9.3.0/armtools/bin/../lib/gcc/arm-atollic-eabi/6.3.1/armv7e-m/fpu/fpv5-sp-d16\libgcc.a(_udivmoddi4.o)
                0x08003448                __exidx_end = .

.rel.dyn        0x08003448        0x0
 .rel.iplt      0x08003448        0x0 c:/program files (x86)/atollic/truestudio for stm32 9.3.0/armtools/bin/../lib/gcc/arm-atollic-eabi/6.3.1/armv7e-m/fpu/fpv5-sp-d16/crtbegin.o

.preinit_array  0x08003448        0x0
                0x08003448                PROVIDE (__preinit_array_start, .)
 *(.preinit_array*)
                0x08003448                PROVIDE (__preinit_array_end, .)

.init_array     0x08003448        0x4
                0x08003448                PROVIDE (__init_array_start, .)
 *(SORT(.init_array.*))
 *(.init_array*)
 .init_array    0x08003448        0x4 c:/program files (x86)/atollic/truestudio for stm32 9.3.0/armtools/bin/../lib/gcc/arm-atollic-eabi/6.3.1/armv7e-m/fpu/fpv5-sp-d16/crtbegin.o
                0x0800344c                PROVIDE (__init_array_end, .)

.fini_array     0x0800344c        0x4
                [!provide]                PROVIDE (__fini_array_start, .)
 *(SORT(.fini_array.*))
 *(.fini_array*)
 .fini_array    0x0800344c        0x4 c:/program files (x86)/atollic/truestudio for stm32 9.3.0/armtools/bin/../lib/gcc/arm-atollic-eabi/6.3.1/armv7e-m/fpu/fpv5-sp-d16/crtbegin.o
                [!provide]                PROVIDE (__fini_array_end, .)
                0x08003450                _sidata = LOADADDR (.data)

.data           0x20000000        0xc load address 0x08003450
                0x20000000                . = ALIGN (0x4)
                0x20000000                _sdata = .
 *(.data)
 *(.data*)
 .data.SystemCoreClock
                0x20000000        0x4 Core\Src\system_stm32f7xx.o
                0x20000000                SystemCoreClock
 .data.uwTickPrio
                0x20000004        0x4 Drivers\STM32F7xx_HAL_Driver\Src\stm32f7xx_hal.o
                0x20000004                uwTickPrio
 .data.uwTickFreq
                0x20000008        0x1 Drivers\STM32F7xx_HAL_Driver\Src\stm32f7xx_hal.o
                0x20000008                uwTickFreq
                0x2000000c                . = ALIGN (0x4)
 *fill*         0x20000009        0x3 
                0x2000000c                _edata = .

.igot.plt       0x2000000c        0x0 load address 0x0800345c
 .igot.plt      0x2000000c        0x0 c:/program files (x86)/atollic/truestudio for stm32 9.3.0/armtools/bin/../lib/gcc/arm-atollic-eabi/6.3.1/armv7e-m/fpu/fpv5-sp-d16/crtbegin.o
                0x2000000c                . = ALIGN (0x4)

.bss            0x2000000c      0x13c load address 0x0800345c
                0x2000000c                _sbss = .
                0x2000000c                __bss_start__ = _sbss
 *(.bss)
 .bss           0x2000000c       0x1c c:/program files (x86)/atollic/truestudio for stm32 9.3.0/armtools/bin/../lib/gcc/arm-atollic-eabi/6.3.1/armv7e-m/fpu/fpv5-sp-d16/crtbegin.o
 *(.bss*)
 .bss.v_adc_ch3
                0x20000028        0x4 Core\Src\main.o
                0x20000028                v_adc_ch3
 .bss.cnt       0x2000002c        0x2 Core\Src\main.o
                0x2000002c                cnt
 *(COMMON)
 *fill*         0x2000002e        0x2 
 COMMON         0x20000030      0x114 Core\Src\main.o
                0x20000030                adc_data_reg
                0x20000034                htim4
                0x20000074                hadc2
                0x200000bc                hadc1
                0x20000104                htim12
 COMMON         0x20000144        0x4 Drivers\STM32F7xx_HAL_Driver\Src\stm32f7xx_hal.o
                0x20000144                uwTick
                0x20000148                . = ALIGN (0x4)
                0x20000148                _ebss = .
                0x20000148                __bss_end__ = _ebss

._user_heap_stack
                0x20000148      0x600 load address 0x0800345c
                0x20000148                . = ALIGN (0x4)
                0x20000148                PROVIDE (end, .)
                [!provide]                PROVIDE (_end, .)
                0x20000348                . = (. + _Min_Heap_Size)
 *fill*         0x20000148      0x200 
                0x20000748                . = (. + _Min_Stack_Size)
 *fill*         0x20000348      0x400 
                0x20000748                . = ALIGN (0x4)

/DISCARD/
 libc.a(*)
 libm.a(*)
 libgcc.a(*)

.ARM.attributes
                0x00000000       0x30
 *(.ARM.attributes)
 .ARM.attributes
                0x00000000       0x22 c:/program files (x86)/atollic/truestudio for stm32 9.3.0/armtools/bin/../lib/gcc/arm-atollic-eabi/6.3.1/armv7e-m/fpu/fpv5-sp-d16/crti.o
 .ARM.attributes
                0x00000022       0x34 c:/program files (x86)/atollic/truestudio for stm32 9.3.0/armtools/bin/../lib/gcc/arm-atollic-eabi/6.3.1/armv7e-m/fpu/fpv5-sp-d16/crtbegin.o
 .ARM.attributes
                0x00000056       0x39 Core\Src\lcd.o
 .ARM.attributes
                0x0000008f       0x39 Core\Src\main.o
 .ARM.attributes
                0x000000c8       0x39 Core\Src\stm32f7xx_hal_msp.o
 .ARM.attributes
                0x00000101       0x39 Core\Src\stm32f7xx_it.o
 .ARM.attributes
                0x0000013a       0x39 Core\Src\system_stm32f7xx.o
 .ARM.attributes
                0x00000173       0x39 Drivers\STM32F7xx_HAL_Driver\Src\stm32f7xx_hal.o
 .ARM.attributes
                0x000001ac       0x39 Drivers\STM32F7xx_HAL_Driver\Src\stm32f7xx_hal_adc.o
 .ARM.attributes
                0x000001e5       0x39 Drivers\STM32F7xx_HAL_Driver\Src\stm32f7xx_hal_cortex.o
 .ARM.attributes
                0x0000021e       0x39 Drivers\STM32F7xx_HAL_Driver\Src\stm32f7xx_hal_gpio.o
 .ARM.attributes
                0x00000257       0x39 Drivers\STM32F7xx_HAL_Driver\Src\stm32f7xx_hal_rcc.o
 .ARM.attributes
                0x00000290       0x39 Drivers\STM32F7xx_HAL_Driver\Src\stm32f7xx_hal_tim.o
 .ARM.attributes
                0x000002c9       0x39 Drivers\STM32F7xx_HAL_Driver\Src\stm32f7xx_hal_tim_ex.o
 .ARM.attributes
                0x00000302       0x21 startup\startup_stm32f756xx.o
 .ARM.attributes
                0x00000323       0x34 c:/program files (x86)/atollic/truestudio for stm32 9.3.0/armtools/bin/../lib/gcc/arm-atollic-eabi/6.3.1/../../../../arm-atollic-eabi/lib/armv7e-m/fpu/fpv5-sp-d16\libc_nano.a(lib_a-init.o)
 .ARM.attributes
                0x00000357       0x34 c:/program files (x86)/atollic/truestudio for stm32 9.3.0/armtools/bin/../lib/gcc/arm-atollic-eabi/6.3.1/../../../../arm-atollic-eabi/lib/armv7e-m/fpu/fpv5-sp-d16\libc_nano.a(lib_a-memset.o)
 .ARM.attributes
                0x0000038b       0x22 c:/program files (x86)/atollic/truestudio for stm32 9.3.0/armtools/bin/../lib/gcc/arm-atollic-eabi/6.3.1/armv7e-m/fpu/fpv5-sp-d16\libgcc.a(_aeabi_uldivmod.o)
 .ARM.attributes
                0x000003ad       0x34 c:/program files (x86)/atollic/truestudio for stm32 9.3.0/armtools/bin/../lib/gcc/arm-atollic-eabi/6.3.1/armv7e-m/fpu/fpv5-sp-d16\libgcc.a(_udivmoddi4.o)
 .ARM.attributes
                0x000003e1       0x22 c:/program files (x86)/atollic/truestudio for stm32 9.3.0/armtools/bin/../lib/gcc/arm-atollic-eabi/6.3.1/armv7e-m/fpu/fpv5-sp-d16\libgcc.a(_dvmd_tls.o)
 .ARM.attributes
                0x00000403       0x22 c:/program files (x86)/atollic/truestudio for stm32 9.3.0/armtools/bin/../lib/gcc/arm-atollic-eabi/6.3.1/armv7e-m/fpu/fpv5-sp-d16/crtn.o
OUTPUT(adc_kisfeladat.elf elf32-littlearm)

.debug_info     0x00000000     0xa22a
 .debug_info    0x00000000      0x33b Core\Src\lcd.o
 .debug_info    0x0000033b     0x109d Core\Src\main.o
 .debug_info    0x000013d8      0xfdc Core\Src\stm32f7xx_hal_msp.o
 .debug_info    0x000023b4      0x738 Core\Src\stm32f7xx_it.o
 .debug_info    0x00002aec      0x73f Core\Src\system_stm32f7xx.o
 .debug_info    0x0000322b      0x9d9 Drivers\STM32F7xx_HAL_Driver\Src\stm32f7xx_hal.o
 .debug_info    0x00003c04      0xc9a Drivers\STM32F7xx_HAL_Driver\Src\stm32f7xx_hal_adc.o
 .debug_info    0x0000489e     0x1050 Drivers\STM32F7xx_HAL_Driver\Src\stm32f7xx_hal_cortex.o
 .debug_info    0x000058ee      0x7db Drivers\STM32F7xx_HAL_Driver\Src\stm32f7xx_hal_gpio.o
 .debug_info    0x000060c9      0x935 Drivers\STM32F7xx_HAL_Driver\Src\stm32f7xx_hal_rcc.o
 .debug_info    0x000069fe     0x259d Drivers\STM32F7xx_HAL_Driver\Src\stm32f7xx_hal_tim.o
 .debug_info    0x00008f9b     0x1218 Drivers\STM32F7xx_HAL_Driver\Src\stm32f7xx_hal_tim_ex.o
 .debug_info    0x0000a1b3       0x77 startup\startup_stm32f756xx.o

.debug_abbrev   0x00000000     0x16a1
 .debug_abbrev  0x00000000      0x131 Core\Src\lcd.o
 .debug_abbrev  0x00000131      0x231 Core\Src\main.o
 .debug_abbrev  0x00000362      0x1c8 Core\Src\stm32f7xx_hal_msp.o
 .debug_abbrev  0x0000052a      0x153 Core\Src\stm32f7xx_it.o
 .debug_abbrev  0x0000067d      0x142 Core\Src\system_stm32f7xx.o
 .debug_abbrev  0x000007bf      0x1c2 Drivers\STM32F7xx_HAL_Driver\Src\stm32f7xx_hal.o
 .debug_abbrev  0x00000981      0x200 Drivers\STM32F7xx_HAL_Driver\Src\stm32f7xx_hal_adc.o
 .debug_abbrev  0x00000b81      0x2f5 Drivers\STM32F7xx_HAL_Driver\Src\stm32f7xx_hal_cortex.o
 .debug_abbrev  0x00000e76      0x1c4 Drivers\STM32F7xx_HAL_Driver\Src\stm32f7xx_hal_gpio.o
 .debug_abbrev  0x0000103a      0x215 Drivers\STM32F7xx_HAL_Driver\Src\stm32f7xx_hal_rcc.o
 .debug_abbrev  0x0000124f      0x229 Drivers\STM32F7xx_HAL_Driver\Src\stm32f7xx_hal_tim.o
 .debug_abbrev  0x00001478      0x217 Drivers\STM32F7xx_HAL_Driver\Src\stm32f7xx_hal_tim_ex.o
 .debug_abbrev  0x0000168f       0x12 startup\startup_stm32f756xx.o

.debug_aranges  0x00000000      0xab0
 .debug_aranges
                0x00000000       0x50 Core\Src\lcd.o
 .debug_aranges
                0x00000050       0x60 Core\Src\main.o
 .debug_aranges
                0x000000b0       0x48 Core\Src\stm32f7xx_hal_msp.o
 .debug_aranges
                0x000000f8       0x70 Core\Src\stm32f7xx_it.o
 .debug_aranges
                0x00000168       0x28 Core\Src\system_stm32f7xx.o
 .debug_aranges
                0x00000190      0x100 Drivers\STM32F7xx_HAL_Driver\Src\stm32f7xx_hal.o
 .debug_aranges
                0x00000290       0xe8 Drivers\STM32F7xx_HAL_Driver\Src\stm32f7xx_hal_adc.o
 .debug_aranges
                0x00000378      0x118 Drivers\STM32F7xx_HAL_Driver\Src\stm32f7xx_hal_cortex.o
 .debug_aranges
                0x00000490       0x58 Drivers\STM32F7xx_HAL_Driver\Src\stm32f7xx_hal_gpio.o
 .debug_aranges
                0x000004e8       0x88 Drivers\STM32F7xx_HAL_Driver\Src\stm32f7xx_hal_rcc.o
 .debug_aranges
                0x00000570      0x3b8 Drivers\STM32F7xx_HAL_Driver\Src\stm32f7xx_hal_tim.o
 .debug_aranges
                0x00000928      0x160 Drivers\STM32F7xx_HAL_Driver\Src\stm32f7xx_hal_tim_ex.o
 .debug_aranges
                0x00000a88       0x28 startup\startup_stm32f756xx.o

.debug_ranges   0x00000000      0x9e8
 .debug_ranges  0x00000000       0x40 Core\Src\lcd.o
 .debug_ranges  0x00000040       0x50 Core\Src\main.o
 .debug_ranges  0x00000090       0x38 Core\Src\stm32f7xx_hal_msp.o
 .debug_ranges  0x000000c8       0x60 Core\Src\stm32f7xx_it.o
 .debug_ranges  0x00000128       0x18 Core\Src\system_stm32f7xx.o
 .debug_ranges  0x00000140       0xf0 Drivers\STM32F7xx_HAL_Driver\Src\stm32f7xx_hal.o
 .debug_ranges  0x00000230       0xd8 Drivers\STM32F7xx_HAL_Driver\Src\stm32f7xx_hal_adc.o
 .debug_ranges  0x00000308      0x108 Drivers\STM32F7xx_HAL_Driver\Src\stm32f7xx_hal_cortex.o
 .debug_ranges  0x00000410       0x48 Drivers\STM32F7xx_HAL_Driver\Src\stm32f7xx_hal_gpio.o
 .debug_ranges  0x00000458       0x78 Drivers\STM32F7xx_HAL_Driver\Src\stm32f7xx_hal_rcc.o
 .debug_ranges  0x000004d0      0x3a8 Drivers\STM32F7xx_HAL_Driver\Src\stm32f7xx_hal_tim.o
 .debug_ranges  0x00000878      0x150 Drivers\STM32F7xx_HAL_Driver\Src\stm32f7xx_hal_tim_ex.o
 .debug_ranges  0x000009c8       0x20 startup\startup_stm32f756xx.o

.debug_line     0x00000000     0x46f1
 .debug_line    0x00000000      0x27e Core\Src\lcd.o
 .debug_line    0x0000027e      0x3f7 Core\Src\main.o
 .debug_line    0x00000675      0x309 Core\Src\stm32f7xx_hal_msp.o
 .debug_line    0x0000097e      0x2e9 Core\Src\stm32f7xx_it.o
 .debug_line    0x00000c67      0x20d Core\Src\system_stm32f7xx.o
 .debug_line    0x00000e74      0x433 Drivers\STM32F7xx_HAL_Driver\Src\stm32f7xx_hal.o
 .debug_line    0x000012a7      0x69a Drivers\STM32F7xx_HAL_Driver\Src\stm32f7xx_hal_adc.o
 .debug_line    0x00001941      0x553 Drivers\STM32F7xx_HAL_Driver\Src\stm32f7xx_hal_cortex.o
 .debug_line    0x00001e94      0x43f Drivers\STM32F7xx_HAL_Driver\Src\stm32f7xx_hal_gpio.o
 .debug_line    0x000022d3      0x501 Drivers\STM32F7xx_HAL_Driver\Src\stm32f7xx_hal_rcc.o
 .debug_line    0x000027d4     0x158d Drivers\STM32F7xx_HAL_Driver\Src\stm32f7xx_hal_tim.o
 .debug_line    0x00003d61      0x912 Drivers\STM32F7xx_HAL_Driver\Src\stm32f7xx_hal_tim_ex.o
 .debug_line    0x00004673       0x7e startup\startup_stm32f756xx.o

.debug_str      0x00000000     0x35ae
 .debug_str     0x00000000      0x2e3 Core\Src\lcd.o
                                0x34c (size before relaxing)
 .debug_str     0x000002e3      0xa18 Core\Src\main.o
                                0xd41 (size before relaxing)
 .debug_str     0x00000cfb      0x64c Core\Src\stm32f7xx_hal_msp.o
                               0x1054 (size before relaxing)
 .debug_str     0x00001347       0xd5 Core\Src\stm32f7xx_it.o
                                0x7c3 (size before relaxing)
 .debug_str     0x0000141c      0x178 Core\Src\system_stm32f7xx.o
                                0x511 (size before relaxing)
 .debug_str     0x00001594      0x2f8 Drivers\STM32F7xx_HAL_Driver\Src\stm32f7xx_hal.o
                                0xc87 (size before relaxing)
 .debug_str     0x0000188c      0x297 Drivers\STM32F7xx_HAL_Driver\Src\stm32f7xx_hal_adc.o
                                0x9c9 (size before relaxing)
 .debug_str     0x00001b23      0x492 Drivers\STM32F7xx_HAL_Driver\Src\stm32f7xx_hal_cortex.o
                                0xe8e (size before relaxing)
 .debug_str     0x00001fb5      0x12c Drivers\STM32F7xx_HAL_Driver\Src\stm32f7xx_hal_gpio.o
                                0x5df (size before relaxing)
 .debug_str     0x000020e1      0x1dc Drivers\STM32F7xx_HAL_Driver\Src\stm32f7xx_hal_rcc.o
                                0x791 (size before relaxing)
 .debug_str     0x000022bd      0xd60 Drivers\STM32F7xx_HAL_Driver\Src\stm32f7xx_hal_tim.o
                               0x15b2 (size before relaxing)
 .debug_str     0x0000301d      0x591 Drivers\STM32F7xx_HAL_Driver\Src\stm32f7xx_hal_tim_ex.o
                                0xe05 (size before relaxing)

.comment        0x00000000       0x7c
 .comment       0x00000000       0x7c Core\Src\lcd.o
                                 0x7d (size before relaxing)
 .comment       0x0000007c       0x7d Core\Src\main.o
 .comment       0x0000007c       0x7d Core\Src\stm32f7xx_hal_msp.o
 .comment       0x0000007c       0x7d Core\Src\stm32f7xx_it.o
 .comment       0x0000007c       0x7d Core\Src\system_stm32f7xx.o
 .comment       0x0000007c       0x7d Drivers\STM32F7xx_HAL_Driver\Src\stm32f7xx_hal.o
 .comment       0x0000007c       0x7d Drivers\STM32F7xx_HAL_Driver\Src\stm32f7xx_hal_adc.o
 .comment       0x0000007c       0x7d Drivers\STM32F7xx_HAL_Driver\Src\stm32f7xx_hal_cortex.o
 .comment       0x0000007c       0x7d Drivers\STM32F7xx_HAL_Driver\Src\stm32f7xx_hal_gpio.o
 .comment       0x0000007c       0x7d Drivers\STM32F7xx_HAL_Driver\Src\stm32f7xx_hal_rcc.o
 .comment       0x0000007c       0x7d Drivers\STM32F7xx_HAL_Driver\Src\stm32f7xx_hal_tim.o
 .comment       0x0000007c       0x7d Drivers\STM32F7xx_HAL_Driver\Src\stm32f7xx_hal_tim_ex.o

.debug_frame    0x00000000     0x2c50
 .debug_frame   0x00000000       0xfc Core\Src\lcd.o
 .debug_frame   0x000000fc      0x140 Core\Src\main.o
 .debug_frame   0x0000023c       0xec Core\Src\stm32f7xx_hal_msp.o
 .debug_frame   0x00000328      0x13c Core\Src\stm32f7xx_it.o
 .debug_frame   0x00000464       0x58 Core\Src\system_stm32f7xx.o
 .debug_frame   0x000004bc      0x3b4 Drivers\STM32F7xx_HAL_Driver\Src\stm32f7xx_hal.o
 .debug_frame   0x00000870      0x400 Drivers\STM32F7xx_HAL_Driver\Src\stm32f7xx_hal_adc.o
 .debug_frame   0x00000c70      0x498 Drivers\STM32F7xx_HAL_Driver\Src\stm32f7xx_hal_cortex.o
 .debug_frame   0x00001108      0x14c Drivers\STM32F7xx_HAL_Driver\Src\stm32f7xx_hal_gpio.o
 .debug_frame   0x00001254      0x1fc Drivers\STM32F7xx_HAL_Driver\Src\stm32f7xx_hal_rcc.o
 .debug_frame   0x00001450     0x1144 Drivers\STM32F7xx_HAL_Driver\Src\stm32f7xx_hal_tim.o
 .debug_frame   0x00002594      0x610 Drivers\STM32F7xx_HAL_Driver\Src\stm32f7xx_hal_tim_ex.o
 .debug_frame   0x00002ba4       0x2c c:/program files (x86)/atollic/truestudio for stm32 9.3.0/armtools/bin/../lib/gcc/arm-atollic-eabi/6.3.1/../../../../arm-atollic-eabi/lib/armv7e-m/fpu/fpv5-sp-d16\libc_nano.a(lib_a-init.o)
 .debug_frame   0x00002bd0       0x20 c:/program files (x86)/atollic/truestudio for stm32 9.3.0/armtools/bin/../lib/gcc/arm-atollic-eabi/6.3.1/../../../../arm-atollic-eabi/lib/armv7e-m/fpu/fpv5-sp-d16\libc_nano.a(lib_a-memset.o)
 .debug_frame   0x00002bf0       0x2c c:/program files (x86)/atollic/truestudio for stm32 9.3.0/armtools/bin/../lib/gcc/arm-atollic-eabi/6.3.1/armv7e-m/fpu/fpv5-sp-d16\libgcc.a(_aeabi_uldivmod.o)
 .debug_frame   0x00002c1c       0x34 c:/program files (x86)/atollic/truestudio for stm32 9.3.0/armtools/bin/../lib/gcc/arm-atollic-eabi/6.3.1/armv7e-m/fpu/fpv5-sp-d16\libgcc.a(_udivmoddi4.o)
