Archive member included to satisfy reference by file (symbol)

c:/program files (x86)/atollic/truestudio for stm32 9.3.0/armtools/bin/../lib/gcc/arm-atollic-eabi/6.3.1/../../../../arm-atollic-eabi/lib/armv7e-m/fpu/fpv5-sp-d16\libc_nano.a(lib_a-errno.o)
                              Core\Src\syscalls.o (__errno)
c:/program files (x86)/atollic/truestudio for stm32 9.3.0/armtools/bin/../lib/gcc/arm-atollic-eabi/6.3.1/../../../../arm-atollic-eabi/lib/armv7e-m/fpu/fpv5-sp-d16\libc_nano.a(lib_a-impure.o)
                              c:/program files (x86)/atollic/truestudio for stm32 9.3.0/armtools/bin/../lib/gcc/arm-atollic-eabi/6.3.1/../../../../arm-atollic-eabi/lib/armv7e-m/fpu/fpv5-sp-d16\libc_nano.a(lib_a-errno.o) (_impure_ptr)
c:/program files (x86)/atollic/truestudio for stm32 9.3.0/armtools/bin/../lib/gcc/arm-atollic-eabi/6.3.1/../../../../arm-atollic-eabi/lib/armv7e-m/fpu/fpv5-sp-d16\libc_nano.a(lib_a-init.o)
                              startup\startup_stm32f756xx.o (__libc_init_array)
c:/program files (x86)/atollic/truestudio for stm32 9.3.0/armtools/bin/../lib/gcc/arm-atollic-eabi/6.3.1/../../../../arm-atollic-eabi/lib/armv7e-m/fpu/fpv5-sp-d16\libc_nano.a(lib_a-memset.o)
                              Core\Src\main.o (memset)
c:/program files (x86)/atollic/truestudio for stm32 9.3.0/armtools/bin/../lib/gcc/arm-atollic-eabi/6.3.1/../../../../arm-atollic-eabi/lib/armv7e-m/fpu/fpv5-sp-d16\libc_nano.a(lib_a-strcmp.o)
                              Core\Src\main.o (strcmp)
c:/program files (x86)/atollic/truestudio for stm32 9.3.0/armtools/bin/../lib/gcc/arm-atollic-eabi/6.3.1/../../../../arm-atollic-eabi/lib/armv7e-m/fpu/fpv5-sp-d16\libc_nano.a(lib_a-strcpy.o)
                              Core\Src\main.o (strcpy)
c:/program files (x86)/atollic/truestudio for stm32 9.3.0/armtools/bin/../lib/gcc/arm-atollic-eabi/6.3.1/armv7e-m/fpu/fpv5-sp-d16\libgcc.a(_aeabi_uldivmod.o)
                              Drivers\STM32F7xx_HAL_Driver\Src\stm32f7xx_hal_rcc.o (__aeabi_uldivmod)
c:/program files (x86)/atollic/truestudio for stm32 9.3.0/armtools/bin/../lib/gcc/arm-atollic-eabi/6.3.1/armv7e-m/fpu/fpv5-sp-d16\libgcc.a(_udivmoddi4.o)
                              c:/program files (x86)/atollic/truestudio for stm32 9.3.0/armtools/bin/../lib/gcc/arm-atollic-eabi/6.3.1/armv7e-m/fpu/fpv5-sp-d16\libgcc.a(_aeabi_uldivmod.o) (__udivmoddi4)
c:/program files (x86)/atollic/truestudio for stm32 9.3.0/armtools/bin/../lib/gcc/arm-atollic-eabi/6.3.1/armv7e-m/fpu/fpv5-sp-d16\libgcc.a(_dvmd_tls.o)
                              c:/program files (x86)/atollic/truestudio for stm32 9.3.0/armtools/bin/../lib/gcc/arm-atollic-eabi/6.3.1/armv7e-m/fpu/fpv5-sp-d16\libgcc.a(_aeabi_uldivmod.o) (__aeabi_ldiv0)

Allocating common symbols
Common symbol       size              file

adc_data_reg        0x4               Core\Src\main.o
htim4               0x40              Core\Src\main.o
lcd_num             0x2               Core\Src\matrix.o
huart3              0x80              Core\Src\main.o
hadc2               0x48              Core\Src\main.o
row1_string         0xe               Core\Src\main.o
uwTick              0x4               Drivers\STM32F7xx_HAL_Driver\Src\stm32f7xx_hal.o
pFlash              0x1c              Drivers\STM32F7xx_HAL_Driver\Src\stm32f7xx_hal_flash.o
row3_string         0xe               Core\Src\main.o
hadc1               0x48              Core\Src\main.o
row4_string         0xe               Core\Src\main.o
str                 0x14              Core\Src\main.o
htim12              0x40              Core\Src\main.o
row2_string         0xe               Core\Src\main.o

Discarded input sections

 .text          0x00000000        0x0 c:/program files (x86)/atollic/truestudio for stm32 9.3.0/armtools/bin/../lib/gcc/arm-atollic-eabi/6.3.1/armv7e-m/fpu/fpv5-sp-d16/crti.o
 .data          0x00000000        0x0 c:/program files (x86)/atollic/truestudio for stm32 9.3.0/armtools/bin/../lib/gcc/arm-atollic-eabi/6.3.1/armv7e-m/fpu/fpv5-sp-d16/crti.o
 .bss           0x00000000        0x0 c:/program files (x86)/atollic/truestudio for stm32 9.3.0/armtools/bin/../lib/gcc/arm-atollic-eabi/6.3.1/armv7e-m/fpu/fpv5-sp-d16/crti.o
 .data          0x00000000        0x4 c:/program files (x86)/atollic/truestudio for stm32 9.3.0/armtools/bin/../lib/gcc/arm-atollic-eabi/6.3.1/armv7e-m/fpu/fpv5-sp-d16/crtbegin.o
 .text          0x00000000        0x0 Core\Src\lcd.o
 .data          0x00000000        0x0 Core\Src\lcd.o
 .bss           0x00000000        0x0 Core\Src\lcd.o
 .text          0x00000000        0x0 Core\Src\main.o
 .data          0x00000000        0x0 Core\Src\main.o
 .bss           0x00000000        0x0 Core\Src\main.o
 .bss.v_adc_ch3
                0x00000000        0x4 Core\Src\main.o
 .bss.temp      0x00000000        0x8 Core\Src\main.o
 .bss.adc1_reg  0x00000000        0x4 Core\Src\main.o
 .data.egesz    0x00000000        0x1 Core\Src\main.o
 .data.valami   0x00000000        0x1 Core\Src\main.o
[...]
Memory Configuration

Name             Origin             Length             Attributes
RAM              0x20000000         0x00050000         xrw
FLASH            0x08000000         0x00100000         xr
*default*        0x00000000         0xffffffff

Linker script and memory map

LOAD c:/program files (x86)/atollic/truestudio for stm32 9.3.0/armtools/bin/../lib/gcc/arm-atollic-eabi/6.3.1/armv7e-m/fpu/fpv5-sp-d16/crti.o
LOAD c:/program files (x86)/atollic/truestudio for stm32 9.3.0/armtools/bin/../lib/gcc/arm-atollic-eabi/6.3.1/armv7e-m/fpu/fpv5-sp-d16/crtbegin.o
LOAD Core\Src\lcd.o
LOAD Core\Src\main.o
LOAD Core\Src\matrix.o
LOAD Core\Src\stm32f7xx_hal_msp.o
LOAD Core\Src\stm32f7xx_it.o
LOAD Core\Src\syscalls.o
LOAD Core\Src\system_stm32f7xx.o
LOAD Drivers\STM32F7xx_HAL_Driver\Src\stm32f7xx_hal.o
LOAD Drivers\STM32F7xx_HAL_Driver\Src\stm32f7xx_hal_adc.o
LOAD Drivers\STM32F7xx_HAL_Driver\Src\stm32f7xx_hal_adc_ex.o
LOAD Drivers\STM32F7xx_HAL_Driver\Src\stm32f7xx_hal_cortex.o
LOAD Drivers\STM32F7xx_HAL_Driver\Src\stm32f7xx_hal_dma.o
LOAD Drivers\STM32F7xx_HAL_Driver\Src\stm32f7xx_hal_dma_ex.o
LOAD Drivers\STM32F7xx_HAL_Driver\Src\stm32f7xx_hal_exti.o
LOAD Drivers\STM32F7xx_HAL_Driver\Src\stm32f7xx_hal_flash.o
LOAD Drivers\STM32F7xx_HAL_Driver\Src\stm32f7xx_hal_flash_ex.o
LOAD Drivers\STM32F7xx_HAL_Driver\Src\stm32f7xx_hal_gpio.o
LOAD Drivers\STM32F7xx_HAL_Driver\Src\stm32f7xx_hal_i2c.o
LOAD Drivers\STM32F7xx_HAL_Driver\Src\stm32f7xx_hal_i2c_ex.o
LOAD Drivers\STM32F7xx_HAL_Driver\Src\stm32f7xx_hal_pwr.o
LOAD Drivers\STM32F7xx_HAL_Driver\Src\stm32f7xx_hal_pwr_ex.o
LOAD Drivers\STM32F7xx_HAL_Driver\Src\stm32f7xx_hal_rcc.o
LOAD Drivers\STM32F7xx_HAL_Driver\Src\stm32f7xx_hal_rcc_ex.o
LOAD Drivers\STM32F7xx_HAL_Driver\Src\stm32f7xx_hal_tim.o
LOAD Drivers\STM32F7xx_HAL_Driver\Src\stm32f7xx_hal_tim_ex.o
LOAD Drivers\STM32F7xx_HAL_Driver\Src\stm32f7xx_hal_uart.o
LOAD Drivers\STM32F7xx_HAL_Driver\Src\stm32f7xx_hal_uart_ex.o
LOAD startup\startup_stm32f756xx.o
                0x00000080                malloc_getpagesize_P = 0x80
START GROUP
LOAD c:/program files (x86)/atollic/truestudio for stm32 9.3.0/armtools/bin/../lib/gcc/arm-atollic-eabi/6.3.1/../../../../arm-atollic-eabi/lib/armv7e-m/fpu/fpv5-sp-d16\libc_nano.a
LOAD c:/program files (x86)/atollic/truestudio for stm32 9.3.0/armtools/bin/../lib/gcc/arm-atollic-eabi/6.3.1/../../../../arm-atollic-eabi/lib/armv7e-m/fpu/fpv5-sp-d16\libm.a
END GROUP
START GROUP
LOAD c:/program files (x86)/atollic/truestudio for stm32 9.3.0/armtools/bin/../lib/gcc/arm-atollic-eabi/6.3.1/armv7e-m/fpu/fpv5-sp-d16\libgcc.a
LOAD c:/program files (x86)/atollic/truestudio for stm32 9.3.0/armtools/bin/../lib/gcc/arm-atollic-eabi/6.3.1/../../../../arm-atollic-eabi/lib/armv7e-m/fpu/fpv5-sp-d16\libc_nano.a
END GROUP
START GROUP
LOAD c:/program files (x86)/atollic/truestudio for stm32 9.3.0/armtools/bin/../lib/gcc/arm-atollic-eabi/6.3.1/armv7e-m/fpu/fpv5-sp-d16\libgcc.a
LOAD c:/program files (x86)/atollic/truestudio for stm32 9.3.0/armtools/bin/../lib/gcc/arm-atollic-eabi/6.3.1/../../../../arm-atollic-eabi/lib/armv7e-m/fpu/fpv5-sp-d16\libc_nano.a
LOAD c:/program files (x86)/atollic/truestudio for stm32 9.3.0/armtools/bin/../lib/gcc/arm-atollic-eabi/6.3.1/../../../../arm-atollic-eabi/lib/armv7e-m/fpu/fpv5-sp-d16\libnosys.a
END GROUP
START GROUP
LOAD c:/program files (x86)/atollic/truestudio for stm32 9.3.0/armtools/bin/../lib/gcc/arm-atollic-eabi/6.3.1/armv7e-m/fpu/fpv5-sp-d16\libgcc.a
LOAD c:/program files (x86)/atollic/truestudio for stm32 9.3.0/armtools/bin/../lib/gcc/arm-atollic-eabi/6.3.1/../../../../arm-atollic-eabi/lib/armv7e-m/fpu/fpv5-sp-d16\libc_nano.a
LOAD c:/program files (x86)/atollic/truestudio for stm32 9.3.0/armtools/bin/../lib/gcc/arm-atollic-eabi/6.3.1/../../../../arm-atollic-eabi/lib/armv7e-m/fpu/fpv5-sp-d16\libnosys.a
END GROUP
LOAD c:/program files (x86)/atollic/truestudio for stm32 9.3.0/armtools/bin/../lib/gcc/arm-atollic-eabi/6.3.1/armv7e-m/fpu/fpv5-sp-d16/crtend.o
LOAD c:/program files (x86)/atollic/truestudio for stm32 9.3.0/armtools/bin/../lib/gcc/arm-atollic-eabi/6.3.1/armv7e-m/fpu/fpv5-sp-d16/crtn.o
                0x20050000                _estack = 0x20050000
                0x00000200                _Min_Heap_Size = 0x200
                0x00000400                _Min_Stack_Size = 0x400

.isr_vector     0x08000000      0x1c8
                0x08000000                . = ALIGN (0x4)
 *(.isr_vector)
 .isr_vector    0x08000000      0x1c8 startup\startup_stm32f756xx.o
                0x08000000                g_pfnVectors
                0x080001c8                . = ALIGN (0x4)

.text           0x080001c8     0x5204
                0x080001c8                . = ALIGN (0x4)
 *(.text)
 .text          0x080001c8       0x40 c:/program files (x86)/atollic/truestudio for stm32 9.3.0/armtools/bin/../lib/gcc/arm-atollic-eabi/6.3.1/armv7e-m/fpu/fpv5-sp-d16/crtbegin.o
 .text          0x08000208       0x14 c:/program files (x86)/atollic/truestudio for stm32 9.3.0/armtools/bin/../lib/gcc/arm-atollic-eabi/6.3.1/../../../../arm-atollic-eabi/lib/armv7e-m/fpu/fpv5-sp-d16\libc_nano.a(lib_a-strcmp.o)
                0x08000208                strcmp
 .text          0x0800021c       0x30 c:/program files (x86)/atollic/truestudio for stm32 9.3.0/armtools/bin/../lib/gcc/arm-atollic-eabi/6.3.1/armv7e-m/fpu/fpv5-sp-d16\libgcc.a(_aeabi_uldivmod.o)
                0x0800021c                __aeabi_uldivmod
 .text          0x0800024c      0x2dc c:/program files (x86)/atollic/truestudio for stm32 9.3.0/armtools/bin/../lib/gcc/arm-atollic-eabi/6.3.1/armv7e-m/fpu/fpv5-sp-d16\libgcc.a(_udivmoddi4.o)
                0x0800024c                __udivmoddi4
 .text          0x08000528        0x4 c:/program files (x86)/atollic/truestudio for stm32 9.3.0/armtools/bin/../lib/gcc/arm-atollic-eabi/6.3.1/armv7e-m/fpu/fpv5-sp-d16\libgcc.a(_dvmd_tls.o)
                0x08000528                __aeabi_idiv0
                0x08000528                __aeabi_ldiv0
 *(.text*)
 .text.LCD_clock
                0x0800052c       0x38 Core\Src\lcd.o
                0x0800052c                LCD_clock
 .text.LCD_write
                0x08000564       0xd8 Core\Src\lcd.o
                0x08000564                LCD_write
 .text.LCD_data
                0x0800063c       0x28 Core\Src\lcd.o
                0x0800063c                LCD_data
 .text.LCD_cmd  0x08000664       0x28 Core\Src\lcd.o
                0x08000664                LCD_cmd
 .text.LCD_init
                0x0800068c       0x3e Core\Src\lcd.o
                0x0800068c                LCD_init
 .text.LCD_string
                0x080006ca       0x28 Core\Src\lcd.o
                0x080006ca                LCD_string
 *fill*         0x080006f2        0x2 
 .text.LCD_xy   0x080006f4       0x64 Core\Src\lcd.o
                0x080006f4                LCD_xy
 .text.lcd_jelzes
                0x08000758       0x78 Core\Src\main.o
                0x08000758                lcd_jelzes
 .text.read_matrix
                0x080007d0      0x238 Core\Src\main.o
                0x080007d0                read_matrix
 .text.HAL_TIM_PeriodElapsedCallback
                0x08000a08      0x154 Core\Src\main.o
                0x08000a08                HAL_TIM_PeriodElapsedCallback
 .text.HAL_UART_RxCpltCallback
                0x08000b5c       0xb0 Core\Src\main.o
                0x08000b5c                HAL_UART_RxCpltCallback
 .text.main     0x08000c0c       0x78 Core\Src\main.o
                0x08000c0c                main
 .text.SystemClock_Config
                0x08000c84       0xf4 Core\Src\main.o
                0x08000c84                SystemClock_Config
 .text.MX_ADC1_Init
                0x08000d78       0xa8 Core\Src\main.o
 .text.MX_ADC2_Init
                0x08000e20       0xa4 Core\Src\main.o
 .text.MX_TIM4_Init
                0x08000ec4       0xb4 Core\Src\main.o
 .text.MX_TIM12_Init
                0x08000f78       0x88 Core\Src\main.o
 .text.MX_USART3_UART_Init
                0x08001000       0x60 Core\Src\main.o
 .text.MX_GPIO_Init
                0x08001060      0x1a0 Core\Src\main.o
 .text.Error_Handler
                0x08001200        0x8 Core\Src\main.o
                0x08001200                Error_Handler
 .text.matrix_row
                0x08001208       0x68 Core\Src\matrix.o
                0x08001208                matrix_row
 .text.matrix_scann
                0x08001270       0x58 Core\Src\matrix.o
                0x08001270                matrix_scann
 .text.matrix_search
                0x080012c8       0x98 Core\Src\matrix.o
                0x080012c8                matrix_search
 .text.get_key  0x08001360       0x18 Core\Src\matrix.o
                0x08001360                get_key
 .text.HAL_MspInit
                0x08001378       0x48 Core\Src\stm32f7xx_hal_msp.o
                0x08001378                HAL_MspInit
 .text.HAL_ADC_MspInit
                0x080013c0       0xa8 Core\Src\stm32f7xx_hal_msp.o
                0x080013c0                HAL_ADC_MspInit
 .text.HAL_TIM_PWM_MspInit
                0x08001468       0x84 Core\Src\stm32f7xx_hal_msp.o
                0x08001468                HAL_TIM_PWM_MspInit
 .text.HAL_TIM_MspPostInit
                0x080014ec       0xb8 Core\Src\stm32f7xx_hal_msp.o
                0x080014ec                HAL_TIM_MspPostInit
 .text.HAL_UART_MspInit
                0x080015a4       0x98 Core\Src\stm32f7xx_hal_msp.o
                0x080015a4                HAL_UART_MspInit
 .text.NMI_Handler
                0x0800163c        0x6 Core\Src\stm32f7xx_it.o
                0x0800163c                NMI_Handler
 .text.HardFault_Handler
                0x08001642        0x6 Core\Src\stm32f7xx_it.o
                0x08001642                HardFault_Handler
 .text.MemManage_Handler
                0x08001648        0x6 Core\Src\stm32f7xx_it.o
                0x08001648                MemManage_Handler
 .text.BusFault_Handler
                0x0800164e        0x6 Core\Src\stm32f7xx_it.o
                0x0800164e                BusFault_Handler
 .text.UsageFault_Handler
                0x08001654        0x6 Core\Src\stm32f7xx_it.o
                0x08001654                UsageFault_Handler
 .text.SVC_Handler
                0x0800165a        0xe Core\Src\stm32f7xx_it.o
                0x0800165a                SVC_Handler
 .text.DebugMon_Handler
                0x08001668        0xe Core\Src\stm32f7xx_it.o
                0x08001668                DebugMon_Handler
 .text.PendSV_Handler
                0x08001676        0xe Core\Src\stm32f7xx_it.o
                0x08001676                PendSV_Handler
 .text.SysTick_Handler
                0x08001684        0xc Core\Src\stm32f7xx_it.o
                0x08001684                SysTick_Handler
 .text.TIM4_IRQHandler
                0x08001690       0x14 Core\Src\stm32f7xx_it.o
                0x08001690                TIM4_IRQHandler
 .text.USART3_IRQHandler
                0x080016a4       0x14 Core\Src\stm32f7xx_it.o
                0x080016a4                USART3_IRQHandler
 .text.TIM8_BRK_TIM12_IRQHandler
                0x080016b8       0x14 Core\Src\stm32f7xx_it.o
                0x080016b8                TIM8_BRK_TIM12_IRQHandler
 .text.SystemInit
                0x080016cc       0x2c Core\Src\system_stm32f7xx.o
                0x080016cc                SystemInit
 .text.HAL_Init
                0x080016f8       0x1a Drivers\STM32F7xx_HAL_Driver\Src\stm32f7xx_hal.o
                0x080016f8                HAL_Init
 *fill*         0x08001712        0x2 
 .text.HAL_InitTick
                0x08001714       0x60 Drivers\STM32F7xx_HAL_Driver\Src\stm32f7xx_hal.o
                0x08001714                HAL_InitTick
 .text.HAL_IncTick
                0x08001774       0x28 Drivers\STM32F7xx_HAL_Driver\Src\stm32f7xx_hal.o
                0x08001774                HAL_IncTick
 .text.HAL_GetTick
                0x0800179c       0x18 Drivers\STM32F7xx_HAL_Driver\Src\stm32f7xx_hal.o
                0x0800179c                HAL_GetTick
 .text.HAL_Delay
                0x080017b4       0x44 Drivers\STM32F7xx_HAL_Driver\Src\stm32f7xx_hal.o
                0x080017b4                HAL_Delay
 .text.HAL_ADC_Init
                0x080017f8       0x88 Drivers\STM32F7xx_HAL_Driver\Src\stm32f7xx_hal_adc.o
                0x080017f8                HAL_ADC_Init
 .text.HAL_ADC_Start
                0x08001880      0x180 Drivers\STM32F7xx_HAL_Driver\Src\stm32f7xx_hal_adc.o
                0x08001880                HAL_ADC_Start
 .text.HAL_ADC_ConfigChannel
                0x08001a00      0x294 Drivers\STM32F7xx_HAL_Driver\Src\stm32f7xx_hal_adc.o
                0x08001a00                HAL_ADC_ConfigChannel
 .text.ADC_Init
                0x08001c94      0x1f4 Drivers\STM32F7xx_HAL_Driver\Src\stm32f7xx_hal_adc.o
 .text.__NVIC_SetPriorityGrouping
                0x08001e88       0x48 Drivers\STM32F7xx_HAL_Driver\Src\stm32f7xx_hal_cortex.o
 .text.__NVIC_GetPriorityGrouping
                0x08001ed0       0x1c Drivers\STM32F7xx_HAL_Driver\Src\stm32f7xx_hal_cortex.o
 .text.__NVIC_EnableIRQ
                0x08001eec       0x3c Drivers\STM32F7xx_HAL_Driver\Src\stm32f7xx_hal_cortex.o
 .text.__NVIC_SetPriority
                0x08001f28       0x54 Drivers\STM32F7xx_HAL_Driver\Src\stm32f7xx_hal_cortex.o
 .text.NVIC_EncodePriority
                0x08001f7c       0x62 Drivers\STM32F7xx_HAL_Driver\Src\stm32f7xx_hal_cortex.o
 *fill*         0x08001fde        0x2 
 .text.SysTick_Config
                0x08001fe0       0x44 Drivers\STM32F7xx_HAL_Driver\Src\stm32f7xx_hal_cortex.o
 .text.HAL_NVIC_SetPriorityGrouping
                0x08002024       0x16 Drivers\STM32F7xx_HAL_Driver\Src\stm32f7xx_hal_cortex.o
                0x08002024                HAL_NVIC_SetPriorityGrouping
 .text.HAL_NVIC_SetPriority
                0x0800203a       0x38 Drivers\STM32F7xx_HAL_Driver\Src\stm32f7xx_hal_cortex.o
                0x0800203a                HAL_NVIC_SetPriority
 .text.HAL_NVIC_EnableIRQ
                0x08002072       0x1c Drivers\STM32F7xx_HAL_Driver\Src\stm32f7xx_hal_cortex.o
                0x08002072                HAL_NVIC_EnableIRQ
 .text.HAL_SYSTICK_Config
                0x0800208e       0x18 Drivers\STM32F7xx_HAL_Driver\Src\stm32f7xx_hal_cortex.o
                0x0800208e                HAL_SYSTICK_Config
 .text.HAL_DMA_Abort_IT
                0x080020a6       0x44 Drivers\STM32F7xx_HAL_Driver\Src\stm32f7xx_hal_dma.o
                0x080020a6                HAL_DMA_Abort_IT
 *fill*         0x080020ea        0x2 
 .text.HAL_GPIO_Init
                0x080020ec      0x354 Drivers\STM32F7xx_HAL_Driver\Src\stm32f7xx_hal_gpio.o
                0x080020ec                HAL_GPIO_Init
 .text.HAL_GPIO_ReadPin
                0x08002440       0x30 Drivers\STM32F7xx_HAL_Driver\Src\stm32f7xx_hal_gpio.o
                0x08002440                HAL_GPIO_ReadPin
 .text.HAL_GPIO_WritePin
                0x08002470       0x32 Drivers\STM32F7xx_HAL_Driver\Src\stm32f7xx_hal_gpio.o
                0x08002470                HAL_GPIO_WritePin
 *fill*         0x080024a2        0x2 
 .text.HAL_RCC_OscConfig
                0x080024a4      0x548 Drivers\STM32F7xx_HAL_Driver\Src\stm32f7xx_hal_rcc.o
                0x080024a4                HAL_RCC_OscConfig
 .text.HAL_RCC_ClockConfig
                0x080029ec      0x1d8 Drivers\STM32F7xx_HAL_Driver\Src\stm32f7xx_hal_rcc.o
                0x080029ec                HAL_RCC_ClockConfig
 .text.HAL_RCC_GetSysClockFreq
                0x08002bc4      0x16c Drivers\STM32F7xx_HAL_Driver\Src\stm32f7xx_hal_rcc.o
                0x08002bc4                HAL_RCC_GetSysClockFreq
 .text.HAL_RCC_GetHCLKFreq
                0x08002d30       0x18 Drivers\STM32F7xx_HAL_Driver\Src\stm32f7xx_hal_rcc.o
                0x08002d30                HAL_RCC_GetHCLKFreq
 .text.HAL_RCC_GetPCLK1Freq
                0x08002d48       0x28 Drivers\STM32F7xx_HAL_Driver\Src\stm32f7xx_hal_rcc.o
                0x08002d48                HAL_RCC_GetPCLK1Freq
 .text.HAL_RCC_GetPCLK2Freq
                0x08002d70       0x28 Drivers\STM32F7xx_HAL_Driver\Src\stm32f7xx_hal_rcc.o
                0x08002d70                HAL_RCC_GetPCLK2Freq
 .text.HAL_RCCEx_PeriphCLKConfig
                0x08002d98      0x7dc Drivers\STM32F7xx_HAL_Driver\Src\stm32f7xx_hal_rcc_ex.o
                0x08002d98                HAL_RCCEx_PeriphCLKConfig
 .text.HAL_TIM_Base_Start_IT
                0x08003574       0x54 Drivers\STM32F7xx_HAL_Driver\Src\stm32f7xx_hal_tim.o
                0x08003574                HAL_TIM_Base_Start_IT
 .text.HAL_TIM_PWM_Init
                0x080035c8       0x56 Drivers\STM32F7xx_HAL_Driver\Src\stm32f7xx_hal_tim.o
                0x080035c8                HAL_TIM_PWM_Init
 *fill*         0x0800361e        0x2 
 .text.HAL_TIM_PWM_Start_IT
                0x08003620      0x114 Drivers\STM32F7xx_HAL_Driver\Src\stm32f7xx_hal_tim.o
                0x08003620                HAL_TIM_PWM_Start_IT
 .text.HAL_TIM_IRQHandler
                0x08003734      0x23e Drivers\STM32F7xx_HAL_Driver\Src\stm32f7xx_hal_tim.o
                0x08003734                HAL_TIM_IRQHandler
 *fill*         0x08003972        0x2 
 .text.HAL_TIM_PWM_ConfigChannel
                0x08003974      0x230 Drivers\STM32F7xx_HAL_Driver\Src\stm32f7xx_hal_tim.o
                0x08003974                HAL_TIM_PWM_ConfigChannel
 .text.HAL_TIM_OC_DelayElapsedCallback
                0x08003ba4       0x14 Drivers\STM32F7xx_HAL_Driver\Src\stm32f7xx_hal_tim.o
                0x08003ba4                HAL_TIM_OC_DelayElapsedCallback
 .text.HAL_TIM_IC_CaptureCallback
                0x08003bb8       0x14 Drivers\STM32F7xx_HAL_Driver\Src\stm32f7xx_hal_tim.o
                0x08003bb8                HAL_TIM_IC_CaptureCallback
 .text.HAL_TIM_PWM_PulseFinishedCallback
                0x08003bcc       0x14 Drivers\STM32F7xx_HAL_Driver\Src\stm32f7xx_hal_tim.o
                0x08003bcc                HAL_TIM_PWM_PulseFinishedCallback
 .text.HAL_TIM_TriggerCallback
                0x08003be0       0x14 Drivers\STM32F7xx_HAL_Driver\Src\stm32f7xx_hal_tim.o
                0x08003be0                HAL_TIM_TriggerCallback
 .text.TIM_Base_SetConfig
                0x08003bf4      0x140 Drivers\STM32F7xx_HAL_Driver\Src\stm32f7xx_hal_tim.o
                0x08003bf4                TIM_Base_SetConfig
 .text.TIM_OC1_SetConfig
                0x08003d34       0xe4 Drivers\STM32F7xx_HAL_Driver\Src\stm32f7xx_hal_tim.o
 .text.TIM_OC2_SetConfig
                0x08003e18       0xf0 Drivers\STM32F7xx_HAL_Driver\Src\stm32f7xx_hal_tim.o
                0x08003e18                TIM_OC2_SetConfig
 .text.TIM_OC3_SetConfig
                0x08003f08       0xec Drivers\STM32F7xx_HAL_Driver\Src\stm32f7xx_hal_tim.o
 .text.TIM_OC4_SetConfig
                0x08003ff4       0xb0 Drivers\STM32F7xx_HAL_Driver\Src\stm32f7xx_hal_tim.o
 .text.TIM_OC5_SetConfig
                0x080040a4       0xa4 Drivers\STM32F7xx_HAL_Driver\Src\stm32f7xx_hal_tim.o
 .text.TIM_OC6_SetConfig
                0x08004148       0xa8 Drivers\STM32F7xx_HAL_Driver\Src\stm32f7xx_hal_tim.o
 .text.TIM_CCxChannelCmd
                0x080041f0       0x4a Drivers\STM32F7xx_HAL_Driver\Src\stm32f7xx_hal_tim.o
                0x080041f0                TIM_CCxChannelCmd
 *fill*         0x0800423a        0x2 
 .text.HAL_TIMEx_MasterConfigSynchronization
                0x0800423c      0x11c Drivers\STM32F7xx_HAL_Driver\Src\stm32f7xx_hal_tim_ex.o
                0x0800423c                HAL_TIMEx_MasterConfigSynchronization
 .text.HAL_TIMEx_CommutCallback
                0x08004358       0x14 Drivers\STM32F7xx_HAL_Driver\Src\stm32f7xx_hal_tim_ex.o
                0x08004358                HAL_TIMEx_CommutCallback
 .text.HAL_TIMEx_BreakCallback
                0x0800436c       0x14 Drivers\STM32F7xx_HAL_Driver\Src\stm32f7xx_hal_tim_ex.o
                0x0800436c                HAL_TIMEx_BreakCallback
 .text.HAL_TIMEx_Break2Callback
                0x08004380       0x14 Drivers\STM32F7xx_HAL_Driver\Src\stm32f7xx_hal_tim_ex.o
                0x08004380                HAL_TIMEx_Break2Callback
 .text.HAL_UART_Init
                0x08004394       0x9c Drivers\STM32F7xx_HAL_Driver\Src\stm32f7xx_hal_uart.o
                0x08004394                HAL_UART_Init
 .text.HAL_UART_Transmit
                0x08004430      0x120 Drivers\STM32F7xx_HAL_Driver\Src\stm32f7xx_hal_uart.o
                0x08004430                HAL_UART_Transmit
 .text.HAL_UART_Receive_IT
                0x08004550      0x144 Drivers\STM32F7xx_HAL_Driver\Src\stm32f7xx_hal_uart.o
                0x08004550                HAL_UART_Receive_IT
 .text.HAL_UART_IRQHandler
                0x08004694      0x264 Drivers\STM32F7xx_HAL_Driver\Src\stm32f7xx_hal_uart.o
                0x08004694                HAL_UART_IRQHandler
 .text.HAL_UART_TxCpltCallback
                0x080048f8       0x14 Drivers\STM32F7xx_HAL_Driver\Src\stm32f7xx_hal_uart.o
                0x080048f8                HAL_UART_TxCpltCallback
 .text.HAL_UART_ErrorCallback
                0x0800490c       0x14 Drivers\STM32F7xx_HAL_Driver\Src\stm32f7xx_hal_uart.o
                0x0800490c                HAL_UART_ErrorCallback
 .text.UART_SetConfig
                0x08004920      0x554 Drivers\STM32F7xx_HAL_Driver\Src\stm32f7xx_hal_uart.o
                0x08004920                UART_SetConfig
 .text.UART_AdvFeatureConfig
                0x08004e74      0x144 Drivers\STM32F7xx_HAL_Driver\Src\stm32f7xx_hal_uart.o
                0x08004e74                UART_AdvFeatureConfig
 .text.UART_CheckIdleState
                0x08004fb8       0x5e Drivers\STM32F7xx_HAL_Driver\Src\stm32f7xx_hal_uart.o
                0x08004fb8                UART_CheckIdleState
 .text.UART_WaitOnFlagUntilTimeout
                0x08005016       0xf6 Drivers\STM32F7xx_HAL_Driver\Src\stm32f7xx_hal_uart.o
                0x08005016                UART_WaitOnFlagUntilTimeout
 .text.UART_EndRxTransfer
                0x0800510c       0x40 Drivers\STM32F7xx_HAL_Driver\Src\stm32f7xx_hal_uart.o
 .text.UART_DMAAbortOnError
                0x0800514c       0x2c Drivers\STM32F7xx_HAL_Driver\Src\stm32f7xx_hal_uart.o
 .text.UART_EndTransmit_IT
                0x08005178       0x32 Drivers\STM32F7xx_HAL_Driver\Src\stm32f7xx_hal_uart.o
 .text.UART_RxISR_8BIT
                0x080051aa       0xa6 Drivers\STM32F7xx_HAL_Driver\Src\stm32f7xx_hal_uart.o
 .text.UART_RxISR_16BIT
                0x08005250       0xa6 Drivers\STM32F7xx_HAL_Driver\Src\stm32f7xx_hal_uart.o
 *fill*         0x080052f6        0x2 
 .text.Reset_Handler
                0x080052f8       0x50 startup\startup_stm32f756xx.o
                0x080052f8                Reset_Handler
 .text.Default_Handler
                0x08005348        0x2 startup\startup_stm32f756xx.o
                0x08005348                RTC_Alarm_IRQHandler
                0x08005348                HASH_RNG_IRQHandler
                0x08005348                EXTI2_IRQHandler
                0x08005348                TIM8_CC_IRQHandler
                0x08005348                UART8_IRQHandler
                0x08005348                SPI4_IRQHandler
                0x08005348                TIM1_CC_IRQHandler
                0x08005348                DMA2_Stream5_IRQHandler
                0x08005348                DMA1_Stream5_IRQHandler
                0x08005348                PVD_IRQHandler
                0x08005348                TAMP_STAMP_IRQHandler
                0x08005348                CAN2_RX1_IRQHandler
                0x08005348                EXTI3_IRQHandler
                0x08005348                TIM8_TRG_COM_TIM14_IRQHandler
                0x08005348                TIM1_UP_TIM10_IRQHandler
                0x08005348                TIM8_UP_TIM13_IRQHandler
                0x08005348                I2C3_ER_IRQHandler
                0x08005348                EXTI0_IRQHandler
                0x08005348                I2C2_EV_IRQHandler
                0x08005348                DMA1_Stream2_IRQHandler
                0x08005348                CAN1_RX0_IRQHandler
                0x08005348                FPU_IRQHandler
                0x08005348                OTG_HS_WKUP_IRQHandler
                0x08005348                LTDC_ER_IRQHandler
                0x08005348                CAN2_SCE_IRQHandler
                0x08005348                DMA2_Stream2_IRQHandler
                0x08005348                SPI1_IRQHandler
                0x08005348                TIM6_DAC_IRQHandler
                0x08005348                TIM1_BRK_TIM9_IRQHandler
                0x08005348                DCMI_IRQHandler
                0x08005348                CAN2_RX0_IRQHandler
                0x08005348                DMA2_Stream3_IRQHandler
                0x08005348                SAI2_IRQHandler
                0x08005348                USART6_IRQHandler
                0x08005348                CRYP_IRQHandler
                0x08005348                CAN1_RX1_IRQHandler
                0x08005348                UART5_IRQHandler
                0x08005348                DMA2_Stream0_IRQHandler
                0x08005348                QUADSPI_IRQHandler
                0x08005348                I2C1_EV_IRQHandler
                0x08005348                DMA1_Stream6_IRQHandler
                0x08005348                DMA1_Stream1_IRQHandler
                0x08005348                UART4_IRQHandler
                0x08005348                TIM3_IRQHandler
                0x08005348                RCC_IRQHandler
                0x08005348                Default_Handler
                0x08005348                CEC_IRQHandler
                0x08005348                EXTI15_10_IRQHandler
                0x08005348                ADC_IRQHandler
                0x08005348                DMA1_Stream7_IRQHandler
                0x08005348                SPI5_IRQHandler
                0x08005348                TIM7_IRQHandler
                0x08005348                SDMMC1_IRQHandler
                0x08005348                CAN2_TX_IRQHandler
                0x08005348                TIM5_IRQHandler
                0x08005348                DMA2_Stream7_IRQHandler
                0x08005348                I2C3_EV_IRQHandler
                0x08005348                EXTI9_5_IRQHandler
                0x08005348                RTC_WKUP_IRQHandler
                0x08005348                LTDC_IRQHandler
                0x08005348                ETH_WKUP_IRQHandler
                0x08005348                SPDIF_RX_IRQHandler
                0x08005348                SPI2_IRQHandler
                0x08005348                OTG_HS_EP1_IN_IRQHandler
                0x08005348                DMA1_Stream0_IRQHandler
                0x08005348                CAN1_TX_IRQHandler
                0x08005348                EXTI4_IRQHandler
                0x08005348                ETH_IRQHandler
                0x08005348                OTG_HS_EP1_OUT_IRQHandler
                0x08005348                WWDG_IRQHandler
                0x08005348                SPI6_IRQHandler
                0x08005348                I2C4_EV_IRQHandler
                0x08005348                TIM2_IRQHandler
                0x08005348                OTG_FS_WKUP_IRQHandler
                0x08005348                TIM1_TRG_COM_TIM11_IRQHandler
                0x08005348                OTG_HS_IRQHandler
                0x08005348                DMA2D_IRQHandler
                0x08005348                EXTI1_IRQHandler
                0x08005348                UART7_IRQHandler
                0x08005348                USART2_IRQHandler
                0x08005348                I2C2_ER_IRQHandler
                0x08005348                DMA2_Stream1_IRQHandler
                0x08005348                CAN1_SCE_IRQHandler
                0x08005348                FLASH_IRQHandler
                0x08005348                DMA2_Stream4_IRQHandler
                0x08005348                USART1_IRQHandler
                0x08005348                OTG_FS_IRQHandler
                0x08005348                SPI3_IRQHandler
                0x08005348                DMA1_Stream4_IRQHandler
                0x08005348                I2C1_ER_IRQHandler
                0x08005348                FMC_IRQHandler
                0x08005348                LPTIM1_IRQHandler
                0x08005348                I2C4_ER_IRQHandler
                0x08005348                DMA2_Stream6_IRQHandler
                0x08005348                SAI1_IRQHandler
                0x08005348                DMA1_Stream3_IRQHandler
 *fill*         0x0800534a        0x2 
 .text.__libc_init_array
                0x0800534c       0x48 c:/program files (x86)/atollic/truestudio for stm32 9.3.0/armtools/bin/../lib/gcc/arm-atollic-eabi/6.3.1/../../../../arm-atollic-eabi/lib/armv7e-m/fpu/fpv5-sp-d16\libc_nano.a(lib_a-init.o)
                0x0800534c                __libc_init_array
 .text.memset   0x08005394       0x10 c:/program files (x86)/atollic/truestudio for stm32 9.3.0/armtools/bin/../lib/gcc/arm-atollic-eabi/6.3.1/../../../../arm-atollic-eabi/lib/armv7e-m/fpu/fpv5-sp-d16\libc_nano.a(lib_a-memset.o)
                0x08005394                memset
 .text.strcpy   0x080053a4       0x10 c:/program files (x86)/atollic/truestudio for stm32 9.3.0/armtools/bin/../lib/gcc/arm-atollic-eabi/6.3.1/../../../../arm-atollic-eabi/lib/armv7e-m/fpu/fpv5-sp-d16\libc_nano.a(lib_a-strcpy.o)
                0x080053a4                strcpy
 *(.glue_7)
 .glue_7        0x080053b4        0x0 linker stubs
 *(.glue_7t)
 .glue_7t       0x080053b4        0x0 linker stubs
 *(.eh_frame)
 .eh_frame      0x080053b4        0x0 c:/program files (x86)/atollic/truestudio for stm32 9.3.0/armtools/bin/../lib/gcc/arm-atollic-eabi/6.3.1/armv7e-m/fpu/fpv5-sp-d16/crtbegin.o
 *(.init)
 .init          0x080053b4        0x4 c:/program files (x86)/atollic/truestudio for stm32 9.3.0/armtools/bin/../lib/gcc/arm-atollic-eabi/6.3.1/armv7e-m/fpu/fpv5-sp-d16/crti.o
                0x080053b4                _init
 .init          0x080053b8        0x8 c:/program files (x86)/atollic/truestudio for stm32 9.3.0/armtools/bin/../lib/gcc/arm-atollic-eabi/6.3.1/armv7e-m/fpu/fpv5-sp-d16/crtn.o
 *(.fini)
 .fini          0x080053c0        0x4 c:/program files (x86)/atollic/truestudio for stm32 9.3.0/armtools/bin/../lib/gcc/arm-atollic-eabi/6.3.1/armv7e-m/fpu/fpv5-sp-d16/crti.o
                0x080053c0                _fini
 .fini          0x080053c4        0x8 c:/program files (x86)/atollic/truestudio for stm32 9.3.0/armtools/bin/../lib/gcc/arm-atollic-eabi/6.3.1/armv7e-m/fpu/fpv5-sp-d16/crtn.o
                0x080053cc                . = ALIGN (0x4)
                0x080053cc                _etext = .

.vfp11_veneer   0x080053cc        0x0
 .vfp11_veneer  0x080053cc        0x0 linker stubs

.v4_bx          0x080053cc        0x0
 .v4_bx         0x080053cc        0x0 linker stubs

.iplt           0x080053cc        0x0
 .iplt          0x080053cc        0x0 c:/program files (x86)/atollic/truestudio for stm32 9.3.0/armtools/bin/../lib/gcc/arm-atollic-eabi/6.3.1/armv7e-m/fpu/fpv5-sp-d16/crtbegin.o

.rodata         0x080053cc       0xb4
                0x080053cc                . = ALIGN (0x4)
 *(.rodata)
 .rodata        0x080053cc       0x8e Core\Src\main.o
 *(.rodata*)
 *fill*         0x0800545a        0x2 
 .rodata.billtomb
                0x0800545c        0xc Core\Src\matrix.o
                0x0800545c                billtomb
 .rodata.AHBPrescTable
                0x08005468       0x10 Core\Src\system_stm32f7xx.o
                0x08005468                AHBPrescTable
 .rodata.APBPrescTable
                0x08005478        0x8 Core\Src\system_stm32f7xx.o
                0x08005478                APBPrescTable
                0x08005480                . = ALIGN (0x4)

.ARM.extab
 *(.ARM.extab* .gnu.linkonce.armextab.*)

.ARM            0x08005480        0x8
                0x08005480                __exidx_start = .
 *(.ARM.exidx*)
 .ARM.exidx     0x08005480        0x8 c:/program files (x86)/atollic/truestudio for stm32 9.3.0/armtools/bin/../lib/gcc/arm-atollic-eabi/6.3.1/armv7e-m/fpu/fpv5-sp-d16\libgcc.a(_udivmoddi4.o)
                0x08005488                __exidx_end = .

.rel.dyn        0x08005488        0x0
 .rel.iplt      0x08005488        0x0 c:/program files (x86)/atollic/truestudio for stm32 9.3.0/armtools/bin/../lib/gcc/arm-atollic-eabi/6.3.1/armv7e-m/fpu/fpv5-sp-d16/crtbegin.o

.preinit_array  0x08005488        0x0
                0x08005488                PROVIDE (__preinit_array_start, .)
 *(.preinit_array*)
                0x08005488                PROVIDE (__preinit_array_end, .)

.init_array     0x08005488        0x4
                0x08005488                PROVIDE (__init_array_start, .)
 *(SORT(.init_array.*))
 *(.init_array*)
 .init_array    0x08005488        0x4 c:/program files (x86)/atollic/truestudio for stm32 9.3.0/armtools/bin/../lib/gcc/arm-atollic-eabi/6.3.1/armv7e-m/fpu/fpv5-sp-d16/crtbegin.o
                0x0800548c                PROVIDE (__init_array_end, .)

.fini_array     0x0800548c        0x4
                [!provide]                PROVIDE (__fini_array_start, .)
 *(SORT(.fini_array.*))
 *(.fini_array*)
 .fini_array    0x0800548c        0x4 c:/program files (x86)/atollic/truestudio for stm32 9.3.0/armtools/bin/../lib/gcc/arm-atollic-eabi/6.3.1/armv7e-m/fpu/fpv5-sp-d16/crtbegin.o
                [!provide]                PROVIDE (__fini_array_end, .)
                0x08005490                _sidata = LOADADDR (.data)

.data           0x20000000       0x90 load address 0x08005490
                0x20000000                . = ALIGN (0x4)
                0x20000000                _sdata = .
 *(.data)
 *(.data*)
 .data.text     0x20000000       0x3c Core\Src\main.o
                0x20000000                text
 .data.row      0x2000003c        0x1 Core\Src\matrix.o
                0x2000003c                row
 .data.m_button2
                0x2000003d        0x1 Core\Src\matrix.o
                0x2000003d                m_button2
 *fill*         0x2000003e        0x2 
 .data.sor_pin  0x20000040        0x8 Core\Src\matrix.o
                0x20000040                sor_pin
 .data.matrix_pin
                0x20000048        0xe Core\Src\matrix.o
                0x20000048                matrix_pin
 *fill*         0x20000056        0x2 
 .data.sor_gpio_port
                0x20000058       0x10 Core\Src\matrix.o
                0x20000058                sor_gpio_port
 .data.matrix_gpio_port
                0x20000068       0x1c Core\Src\matrix.o
                0x20000068                matrix_gpio_port
 .data.SystemCoreClock
                0x20000084        0x4 Core\Src\system_stm32f7xx.o
                0x20000084                SystemCoreClock
 .data.uwTickPrio
                0x20000088        0x4 Drivers\STM32F7xx_HAL_Driver\Src\stm32f7xx_hal.o
                0x20000088                uwTickPrio
 .data.uwTickFreq
                0x2000008c        0x1 Drivers\STM32F7xx_HAL_Driver\Src\stm32f7xx_hal.o
                0x2000008c                uwTickFreq
                0x20000090                . = ALIGN (0x4)
 *fill*         0x2000008d        0x3 
                0x20000090                _edata = .

.igot.plt       0x20000090        0x0 load address 0x08005520
 .igot.plt      0x20000090        0x0 c:/program files (x86)/atollic/truestudio for stm32 9.3.0/armtools/bin/../lib/gcc/arm-atollic-eabi/6.3.1/armv7e-m/fpu/fpv5-sp-d16/crtbegin.o
                0x20000090                . = ALIGN (0x4)

.bss            0x20000090      0x214 load address 0x08005520
                0x20000090                _sbss = .
                0x20000090                __bss_start__ = _sbss
 *(.bss)
 .bss           0x20000090       0x1c c:/program files (x86)/atollic/truestudio for stm32 9.3.0/armtools/bin/../lib/gcc/arm-atollic-eabi/6.3.1/armv7e-m/fpu/fpv5-sp-d16/crtbegin.o
 *(.bss*)
 .bss.cnt       0x200000ac        0x2 Core\Src\main.o
                0x200000ac                cnt
 .bss.state     0x200000ae        0x1 Core\Src\main.o
                0x200000ae                state
 .bss.tmp_state
                0x200000af        0x1 Core\Src\main.o
                0x200000af                tmp_state
 .bss.duty      0x200000b0        0x1 Core\Src\main.o
                0x200000b0                duty
 .bss.irany     0x200000b1        0x1 Core\Src\main.o
                0x200000b1                irany
 .bss.fogad     0x200000b2        0x1 Core\Src\main.o
                0x200000b2                fogad
 .bss.letilt    0x200000b3        0x1 Core\Src\main.o
                0x200000b3                letilt
 .bss.ind       0x200000b4        0x1 Core\Src\main.o
                0x200000b4                ind
 .bss.active_off
                0x200000b5        0x1 Core\Src\main.o
                0x200000b5                active_off
 *(COMMON)
 *fill*         0x200000b6        0x2 
 COMMON         0x200000b8      0x1e6 Core\Src\main.o
                0x200000b8                adc_data_reg
                0x200000bc                htim4
                0x200000fc                huart3
                0x2000017c                hadc2
                0x200001c4                row1_string
                0x200001d4                row3_string
                0x200001e4                hadc1
                0x2000022c                row4_string
                0x2000023c                str
                0x20000250                htim12
                0x20000290                row2_string
 *fill*         0x2000029e        0x2 
 COMMON         0x200002a0        0x4 Drivers\STM32F7xx_HAL_Driver\Src\stm32f7xx_hal.o
                0x200002a0                uwTick
                0x200002a4                . = ALIGN (0x4)
                0x200002a4                _ebss = .
                0x200002a4                __bss_end__ = _ebss

._user_heap_stack
                0x200002a4      0x600 load address 0x08005520
                0x200002a4                . = ALIGN (0x4)
                0x200002a4                PROVIDE (end, .)
                [!provide]                PROVIDE (_end, .)
                0x200004a4                . = (. + _Min_Heap_Size)
 *fill*         0x200002a4      0x200 
                0x200008a4                . = (. + _Min_Stack_Size)
 *fill*         0x200004a4      0x400 
                0x200008a4                . = ALIGN (0x4)

/DISCARD/
 libc.a(*)
 libm.a(*)
 libgcc.a(*)

.ARM.attributes
                0x00000000       0x30
 *(.ARM.attributes)
 .ARM.attributes
                0x00000000       0x22 c:/program files (x86)/atollic/truestudio for stm32 9.3.0/armtools/bin/../lib/gcc/arm-atollic-eabi/6.3.1/armv7e-m/fpu/fpv5-sp-d16/crti.o
 .ARM.attributes
                0x00000022       0x34 c:/program files (x86)/atollic/truestudio for stm32 9.3.0/armtools/bin/../lib/gcc/arm-atollic-eabi/6.3.1/armv7e-m/fpu/fpv5-sp-d16/crtbegin.o
 .ARM.attributes
                0x00000056       0x39 Core\Src\lcd.o
 .ARM.attributes
                0x0000008f       0x39 Core\Src\main.o
 .ARM.attributes
                0x000000c8       0x39 Core\Src\matrix.o
 .ARM.attributes
                0x00000101       0x39 Core\Src\stm32f7xx_hal_msp.o
 .ARM.attributes
                0x0000013a       0x39 Core\Src\stm32f7xx_it.o
 .ARM.attributes
                0x00000173       0x39 Core\Src\system_stm32f7xx.o
 .ARM.attributes
                0x000001ac       0x39 Drivers\STM32F7xx_HAL_Driver\Src\stm32f7xx_hal.o
 .ARM.attributes
                0x000001e5       0x39 Drivers\STM32F7xx_HAL_Driver\Src\stm32f7xx_hal_adc.o
 .ARM.attributes
                0x0000021e       0x39 Drivers\STM32F7xx_HAL_Driver\Src\stm32f7xx_hal_cortex.o
 .ARM.attributes
                0x00000257       0x39 Drivers\STM32F7xx_HAL_Driver\Src\stm32f7xx_hal_dma.o
 .ARM.attributes
                0x00000290       0x39 Drivers\STM32F7xx_HAL_Driver\Src\stm32f7xx_hal_gpio.o
 .ARM.attributes
                0x000002c9       0x39 Drivers\STM32F7xx_HAL_Driver\Src\stm32f7xx_hal_rcc.o
 .ARM.attributes
                0x00000302       0x39 Drivers\STM32F7xx_HAL_Driver\Src\stm32f7xx_hal_rcc_ex.o
 .ARM.attributes
                0x0000033b       0x39 Drivers\STM32F7xx_HAL_Driver\Src\stm32f7xx_hal_tim.o
 .ARM.attributes
                0x00000374       0x39 Drivers\STM32F7xx_HAL_Driver\Src\stm32f7xx_hal_tim_ex.o
 .ARM.attributes
                0x000003ad       0x39 Drivers\STM32F7xx_HAL_Driver\Src\stm32f7xx_hal_uart.o
 .ARM.attributes
                0x000003e6       0x21 startup\startup_stm32f756xx.o
 .ARM.attributes
                0x00000407       0x34 c:/program files (x86)/atollic/truestudio for stm32 9.3.0/armtools/bin/../lib/gcc/arm-atollic-eabi/6.3.1/../../../../arm-atollic-eabi/lib/armv7e-m/fpu/fpv5-sp-d16\libc_nano.a(lib_a-init.o)
 .ARM.attributes
                0x0000043b       0x34 c:/program files (x86)/atollic/truestudio for stm32 9.3.0/armtools/bin/../lib/gcc/arm-atollic-eabi/6.3.1/../../../../arm-atollic-eabi/lib/armv7e-m/fpu/fpv5-sp-d16\libc_nano.a(lib_a-memset.o)
 .ARM.attributes
                0x0000046f       0x20 c:/program files (x86)/atollic/truestudio for stm32 9.3.0/armtools/bin/../lib/gcc/arm-atollic-eabi/6.3.1/../../../../arm-atollic-eabi/lib/armv7e-m/fpu/fpv5-sp-d16\libc_nano.a(lib_a-strcmp.o)
 .ARM.attributes
                0x0000048f       0x34 c:/program files (x86)/atollic/truestudio for stm32 9.3.0/armtools/bin/../lib/gcc/arm-atollic-eabi/6.3.1/../../../../arm-atollic-eabi/lib/armv7e-m/fpu/fpv5-sp-d16\libc_nano.a(lib_a-strcpy.o)
 .ARM.attributes
                0x000004c3       0x22 c:/program files (x86)/atollic/truestudio for stm32 9.3.0/armtools/bin/../lib/gcc/arm-atollic-eabi/6.3.1/armv7e-m/fpu/fpv5-sp-d16\libgcc.a(_aeabi_uldivmod.o)
 .ARM.attributes
                0x000004e5       0x34 c:/program files (x86)/atollic/truestudio for stm32 9.3.0/armtools/bin/../lib/gcc/arm-atollic-eabi/6.3.1/armv7e-m/fpu/fpv5-sp-d16\libgcc.a(_udivmoddi4.o)
 .ARM.attributes
                0x00000519       0x22 c:/program files (x86)/atollic/truestudio for stm32 9.3.0/armtools/bin/../lib/gcc/arm-atollic-eabi/6.3.1/armv7e-m/fpu/fpv5-sp-d16\libgcc.a(_dvmd_tls.o)
 .ARM.attributes
                0x0000053b       0x22 c:/program files (x86)/atollic/truestudio for stm32 9.3.0/armtools/bin/../lib/gcc/arm-atollic-eabi/6.3.1/armv7e-m/fpu/fpv5-sp-d16/crtn.o
OUTPUT(gyarto_gyakorlas.elf elf32-littlearm)

.debug_info     0x00000000     0xe351
 .debug_info    0x00000000      0x33b Core\Src\lcd.o
 .debug_info    0x0000033b     0x1f8d Core\Src\main.o
 .debug_info    0x000022c8      0x3f3 Core\Src\matrix.o
 .debug_info    0x000026bb     0x1340 Core\Src\stm32f7xx_hal_msp.o
 .debug_info    0x000039fb      0xa37 Core\Src\stm32f7xx_it.o
 .debug_info    0x00004432      0x73f Core\Src\system_stm32f7xx.o
 .debug_info    0x00004b71      0x9d9 Drivers\STM32F7xx_HAL_Driver\Src\stm32f7xx_hal.o
 .debug_info    0x0000554a      0xc9a Drivers\STM32F7xx_HAL_Driver\Src\stm32f7xx_hal_adc.o
 .debug_info    0x000061e4     0x1050 Drivers\STM32F7xx_HAL_Driver\Src\stm32f7xx_hal_cortex.o
 .debug_info    0x00007234      0x964 Drivers\STM32F7xx_HAL_Driver\Src\stm32f7xx_hal_dma.o
 .debug_info    0x00007b98      0x7db Drivers\STM32F7xx_HAL_Driver\Src\stm32f7xx_hal_gpio.o
 .debug_info    0x00008373      0x935 Drivers\STM32F7xx_HAL_Driver\Src\stm32f7xx_hal_rcc.o
 .debug_info    0x00008ca8      0x7ad Drivers\STM32F7xx_HAL_Driver\Src\stm32f7xx_hal_rcc_ex.o
 .debug_info    0x00009455     0x259d Drivers\STM32F7xx_HAL_Driver\Src\stm32f7xx_hal_tim.o
 .debug_info    0x0000b9f2     0x1218 Drivers\STM32F7xx_HAL_Driver\Src\stm32f7xx_hal_tim_ex.o
 .debug_info    0x0000cc0a     0x16ce Drivers\STM32F7xx_HAL_Driver\Src\stm32f7xx_hal_uart.o
 .debug_info    0x0000e2d8       0x79 startup\startup_stm32f756xx.o

.debug_abbrev   0x00000000     0x1e7f
 .debug_abbrev  0x00000000      0x131 Core\Src\lcd.o
 .debug_abbrev  0x00000131      0x2c5 Core\Src\main.o
 .debug_abbrev  0x000003f6      0x16f Core\Src\matrix.o
 .debug_abbrev  0x00000565      0x1d7 Core\Src\stm32f7xx_hal_msp.o
 .debug_abbrev  0x0000073c      0x153 Core\Src\stm32f7xx_it.o
 .debug_abbrev  0x0000088f      0x142 Core\Src\system_stm32f7xx.o
 .debug_abbrev  0x000009d1      0x1c2 Drivers\STM32F7xx_HAL_Driver\Src\stm32f7xx_hal.o
 .debug_abbrev  0x00000b93      0x200 Drivers\STM32F7xx_HAL_Driver\Src\stm32f7xx_hal_adc.o
 .debug_abbrev  0x00000d93      0x2f5 Drivers\STM32F7xx_HAL_Driver\Src\stm32f7xx_hal_cortex.o
 .debug_abbrev  0x00001088      0x224 Drivers\STM32F7xx_HAL_Driver\Src\stm32f7xx_hal_dma.o
 .debug_abbrev  0x000012ac      0x1c4 Drivers\STM32F7xx_HAL_Driver\Src\stm32f7xx_hal_gpio.o
 .debug_abbrev  0x00001470      0x215 Drivers\STM32F7xx_HAL_Driver\Src\stm32f7xx_hal_rcc.o
 .debug_abbrev  0x00001685      0x1a8 Drivers\STM32F7xx_HAL_Driver\Src\stm32f7xx_hal_rcc_ex.o
 .debug_abbrev  0x0000182d      0x229 Drivers\STM32F7xx_HAL_Driver\Src\stm32f7xx_hal_tim.o
 .debug_abbrev  0x00001a56      0x217 Drivers\STM32F7xx_HAL_Driver\Src\stm32f7xx_hal_tim_ex.o
 .debug_abbrev  0x00001c6d      0x200 Drivers\STM32F7xx_HAL_Driver\Src\stm32f7xx_hal_uart.o
 .debug_abbrev  0x00001e6d       0x12 startup\startup_stm32f756xx.o

.debug_aranges  0x00000000      0xe10
 .debug_aranges
                0x00000000       0x50 Core\Src\lcd.o
 .debug_aranges
                0x00000050       0x80 Core\Src\main.o
 .debug_aranges
                0x000000d0       0x38 Core\Src\matrix.o
 .debug_aranges
                0x00000108       0x58 Core\Src\stm32f7xx_hal_msp.o
 .debug_aranges
                0x00000160       0x78 Core\Src\stm32f7xx_it.o
 .debug_aranges
                0x000001d8       0x28 Core\Src\system_stm32f7xx.o
 .debug_aranges
                0x00000200      0x100 Drivers\STM32F7xx_HAL_Driver\Src\stm32f7xx_hal.o
 .debug_aranges
                0x00000300       0xe8 Drivers\STM32F7xx_HAL_Driver\Src\stm32f7xx_hal_adc.o
 .debug_aranges
                0x000003e8      0x118 Drivers\STM32F7xx_HAL_Driver\Src\stm32f7xx_hal_cortex.o
 .debug_aranges
                0x00000500       0x90 Drivers\STM32F7xx_HAL_Driver\Src\stm32f7xx_hal_dma.o
 .debug_aranges
                0x00000590       0x58 Drivers\STM32F7xx_HAL_Driver\Src\stm32f7xx_hal_gpio.o
 .debug_aranges
                0x000005e8       0x88 Drivers\STM32F7xx_HAL_Driver\Src\stm32f7xx_hal_rcc.o
 .debug_aranges
                0x00000670       0x50 Drivers\STM32F7xx_HAL_Driver\Src\stm32f7xx_hal_rcc_ex.o
 .debug_aranges
                0x000006c0      0x3b8 Drivers\STM32F7xx_HAL_Driver\Src\stm32f7xx_hal_tim.o
 .debug_aranges
                0x00000a78      0x160 Drivers\STM32F7xx_HAL_Driver\Src\stm32f7xx_hal_tim_ex.o
 .debug_aranges
                0x00000bd8      0x210 Drivers\STM32F7xx_HAL_Driver\Src\stm32f7xx_hal_uart.o
 .debug_aranges
                0x00000de8       0x28 startup\startup_stm32f756xx.o

.debug_ranges   0x00000000      0xd08
 .debug_ranges  0x00000000       0x40 Core\Src\lcd.o
 .debug_ranges  0x00000040       0x70 Core\Src\main.o
 .debug_ranges  0x000000b0       0x28 Core\Src\matrix.o
 .debug_ranges  0x000000d8       0x48 Core\Src\stm32f7xx_hal_msp.o
 .debug_ranges  0x00000120       0x68 Core\Src\stm32f7xx_it.o
 .debug_ranges  0x00000188       0x18 Core\Src\system_stm32f7xx.o
 .debug_ranges  0x000001a0       0xf0 Drivers\STM32F7xx_HAL_Driver\Src\stm32f7xx_hal.o
 .debug_ranges  0x00000290       0xd8 Drivers\STM32F7xx_HAL_Driver\Src\stm32f7xx_hal_adc.o
 .debug_ranges  0x00000368      0x108 Drivers\STM32F7xx_HAL_Driver\Src\stm32f7xx_hal_cortex.o
 .debug_ranges  0x00000470       0x80 Drivers\STM32F7xx_HAL_Driver\Src\stm32f7xx_hal_dma.o
 .debug_ranges  0x000004f0       0x48 Drivers\STM32F7xx_HAL_Driver\Src\stm32f7xx_hal_gpio.o
 .debug_ranges  0x00000538       0x78 Drivers\STM32F7xx_HAL_Driver\Src\stm32f7xx_hal_rcc.o
 .debug_ranges  0x000005b0       0x40 Drivers\STM32F7xx_HAL_Driver\Src\stm32f7xx_hal_rcc_ex.o
 .debug_ranges  0x000005f0      0x3a8 Drivers\STM32F7xx_HAL_Driver\Src\stm32f7xx_hal_tim.o
 .debug_ranges  0x00000998      0x150 Drivers\STM32F7xx_HAL_Driver\Src\stm32f7xx_hal_tim_ex.o
 .debug_ranges  0x00000ae8      0x200 Drivers\STM32F7xx_HAL_Driver\Src\stm32f7xx_hal_uart.o
 .debug_ranges  0x00000ce8       0x20 startup\startup_stm32f756xx.o

.debug_line     0x00000000     0x6280
 .debug_line    0x00000000      0x27e Core\Src\lcd.o
 .debug_line    0x0000027e      0x575 Core\Src\main.o
 .debug_line    0x000007f3      0x25e Core\Src\matrix.o
 .debug_line    0x00000a51      0x353 Core\Src\stm32f7xx_hal_msp.o
 .debug_line    0x00000da4      0x313 Core\Src\stm32f7xx_it.o
 .debug_line    0x000010b7      0x20d Core\Src\system_stm32f7xx.o
 .debug_line    0x000012c4      0x433 Drivers\STM32F7xx_HAL_Driver\Src\stm32f7xx_hal.o
 .debug_line    0x000016f7      0x69a Drivers\STM32F7xx_HAL_Driver\Src\stm32f7xx_hal_adc.o
 .debug_line    0x00001d91      0x553 Drivers\STM32F7xx_HAL_Driver\Src\stm32f7xx_hal_cortex.o
 .debug_line    0x000022e4      0x505 Drivers\STM32F7xx_HAL_Driver\Src\stm32f7xx_hal_dma.o
 .debug_line    0x000027e9      0x43f Drivers\STM32F7xx_HAL_Driver\Src\stm32f7xx_hal_gpio.o
 .debug_line    0x00002c28      0x501 Drivers\STM32F7xx_HAL_Driver\Src\stm32f7xx_hal_rcc.o
 .debug_line    0x00003129      0x442 Drivers\STM32F7xx_HAL_Driver\Src\stm32f7xx_hal_rcc_ex.o
 .debug_line    0x0000356b     0x158d Drivers\STM32F7xx_HAL_Driver\Src\stm32f7xx_hal_tim.o
 .debug_line    0x00004af8      0x912 Drivers\STM32F7xx_HAL_Driver\Src\stm32f7xx_hal_tim_ex.o
 .debug_line    0x0000540a      0xdf8 Drivers\STM32F7xx_HAL_Driver\Src\stm32f7xx_hal_uart.o
 .debug_line    0x00006202       0x7e startup\startup_stm32f756xx.o

.debug_str      0x00000000     0x4a95
 .debug_str     0x00000000      0x2e5 Core\Src\lcd.o
                                0x34e (size before relaxing)
 .debug_str     0x000002e5     0x12e5 Core\Src\main.o
                               0x1699 (size before relaxing)
 .debug_str     0x000015ca       0x9b Core\Src\matrix.o
                                0x37f (size before relaxing)
 .debug_str     0x00001665      0x670 Core\Src\stm32f7xx_hal_msp.o
                               0x125c (size before relaxing)
 .debug_str     0x00001cd5       0xe7 Core\Src\stm32f7xx_it.o
                                0x9ce (size before relaxing)
 .debug_str     0x00001dbc      0x178 Core\Src\system_stm32f7xx.o
                                0x513 (size before relaxing)
 .debug_str     0x00001f34      0x2f8 Drivers\STM32F7xx_HAL_Driver\Src\stm32f7xx_hal.o
                                0xc89 (size before relaxing)
 .debug_str     0x0000222c      0x28f Drivers\STM32F7xx_HAL_Driver\Src\stm32f7xx_hal_adc.o
                                0x9cb (size before relaxing)
 .debug_str     0x000024bb      0x48d Drivers\STM32F7xx_HAL_Driver\Src\stm32f7xx_hal_cortex.o
                                0xe90 (size before relaxing)
 .debug_str     0x00002948      0x30e Drivers\STM32F7xx_HAL_Driver\Src\stm32f7xx_hal_dma.o
                                0x83e (size before relaxing)
 .debug_str     0x00002c56      0x127 Drivers\STM32F7xx_HAL_Driver\Src\stm32f7xx_hal_gpio.o
                                0x5e1 (size before relaxing)
 .debug_str     0x00002d7d      0x1dc Drivers\STM32F7xx_HAL_Driver\Src\stm32f7xx_hal_rcc.o
                                0x793 (size before relaxing)
 .debug_str     0x00002f59      0x169 Drivers\STM32F7xx_HAL_Driver\Src\stm32f7xx_hal_rcc_ex.o
                                0x7cd (size before relaxing)
 .debug_str     0x000030c2      0xd60 Drivers\STM32F7xx_HAL_Driver\Src\stm32f7xx_hal_tim.o
                               0x15b4 (size before relaxing)
 .debug_str     0x00003e22      0x591 Drivers\STM32F7xx_HAL_Driver\Src\stm32f7xx_hal_tim_ex.o
                                0xe07 (size before relaxing)
 .debug_str     0x000043b3      0x6e2 Drivers\STM32F7xx_HAL_Driver\Src\stm32f7xx_hal_uart.o
                                0xf8e (size before relaxing)

.comment        0x00000000       0x7c
 .comment       0x00000000       0x7c Core\Src\lcd.o
                                 0x7d (size before relaxing)
 .comment       0x0000007c       0x7d Core\Src\main.o
 .comment       0x0000007c       0x7d Core\Src\matrix.o
 .comment       0x0000007c       0x7d Core\Src\stm32f7xx_hal_msp.o
 .comment       0x0000007c       0x7d Core\Src\stm32f7xx_it.o
 .comment       0x0000007c       0x7d Core\Src\system_stm32f7xx.o
 .comment       0x0000007c       0x7d Drivers\STM32F7xx_HAL_Driver\Src\stm32f7xx_hal.o
 .comment       0x0000007c       0x7d Drivers\STM32F7xx_HAL_Driver\Src\stm32f7xx_hal_adc.o
 .comment       0x0000007c       0x7d Drivers\STM32F7xx_HAL_Driver\Src\stm32f7xx_hal_cortex.o
 .comment       0x0000007c       0x7d Drivers\STM32F7xx_HAL_Driver\Src\stm32f7xx_hal_dma.o
 .comment       0x0000007c       0x7d Drivers\STM32F7xx_HAL_Driver\Src\stm32f7xx_hal_gpio.o
 .comment       0x0000007c       0x7d Drivers\STM32F7xx_HAL_Driver\Src\stm32f7xx_hal_rcc.o
 .comment       0x0000007c       0x7d Drivers\STM32F7xx_HAL_Driver\Src\stm32f7xx_hal_rcc_ex.o
 .comment       0x0000007c       0x7d Drivers\STM32F7xx_HAL_Driver\Src\stm32f7xx_hal_tim.o
 .comment       0x0000007c       0x7d Drivers\STM32F7xx_HAL_Driver\Src\stm32f7xx_hal_tim_ex.o
 .comment       0x0000007c       0x7d Drivers\STM32F7xx_HAL_Driver\Src\stm32f7xx_hal_uart.o

.debug_frame    0x00000000     0x3af4
 .debug_frame   0x00000000       0xfc Core\Src\lcd.o
 .debug_frame   0x000000fc      0x1d0 Core\Src\main.o
 .debug_frame   0x000002cc       0x9c Core\Src\matrix.o
 .debug_frame   0x00000368      0x134 Core\Src\stm32f7xx_hal_msp.o
 .debug_frame   0x0000049c      0x158 Core\Src\stm32f7xx_it.o
 .debug_frame   0x000005f4       0x58 Core\Src\system_stm32f7xx.o
 .debug_frame   0x0000064c      0x3b4 Drivers\STM32F7xx_HAL_Driver\Src\stm32f7xx_hal.o
 .debug_frame   0x00000a00      0x400 Drivers\STM32F7xx_HAL_Driver\Src\stm32f7xx_hal_adc.o
 .debug_frame   0x00000e00      0x498 Drivers\STM32F7xx_HAL_Driver\Src\stm32f7xx_hal_cortex.o
 .debug_frame   0x00001298      0x250 Drivers\STM32F7xx_HAL_Driver\Src\stm32f7xx_hal_dma.o
 .debug_frame   0x000014e8      0x14c Drivers\STM32F7xx_HAL_Driver\Src\stm32f7xx_hal_gpio.o
 .debug_frame   0x00001634      0x1fc Drivers\STM32F7xx_HAL_Driver\Src\stm32f7xx_hal_rcc.o
 .debug_frame   0x00001830      0x118 Drivers\STM32F7xx_HAL_Driver\Src\stm32f7xx_hal_rcc_ex.o
 .debug_frame   0x00001948     0x1144 Drivers\STM32F7xx_HAL_Driver\Src\stm32f7xx_hal_tim.o
 .debug_frame   0x00002a8c      0x610 Drivers\STM32F7xx_HAL_Driver\Src\stm32f7xx_hal_tim_ex.o
 .debug_frame   0x0000309c      0x96c Drivers\STM32F7xx_HAL_Driver\Src\stm32f7xx_hal_uart.o
 .debug_frame   0x00003a08       0x2c c:/program files (x86)/atollic/truestudio for stm32 9.3.0/armtools/bin/../lib/gcc/arm-atollic-eabi/6.3.1/../../../../arm-atollic-eabi/lib/armv7e-m/fpu/fpv5-sp-d16\libc_nano.a(lib_a-init.o)
 .debug_frame   0x00003a34       0x20 c:/program files (x86)/atollic/truestudio for stm32 9.3.0/armtools/bin/../lib/gcc/arm-atollic-eabi/6.3.1/../../../../arm-atollic-eabi/lib/armv7e-m/fpu/fpv5-sp-d16\libc_nano.a(lib_a-memset.o)
 .debug_frame   0x00003a54       0x20 c:/program files (x86)/atollic/truestudio for stm32 9.3.0/armtools/bin/../lib/gcc/arm-atollic-eabi/6.3.1/../../../../arm-atollic-eabi/lib/armv7e-m/fpu/fpv5-sp-d16\libc_nano.a(lib_a-strcmp.o)
 .debug_frame   0x00003a74       0x20 c:/program files (x86)/atollic/truestudio for stm32 9.3.0/armtools/bin/../lib/gcc/arm-atollic-eabi/6.3.1/../../../../arm-atollic-eabi/lib/armv7e-m/fpu/fpv5-sp-d16\libc_nano.a(lib_a-strcpy.o)
 .debug_frame   0x00003a94       0x2c c:/program files (x86)/atollic/truestudio for stm32 9.3.0/armtools/bin/../lib/gcc/arm-atollic-eabi/6.3.1/armv7e-m/fpu/fpv5-sp-d16\libgcc.a(_aeabi_uldivmod.o)
 .debug_frame   0x00003ac0       0x34 c:/program files (x86)/atollic/truestudio for stm32 9.3.0/armtools/bin/../lib/gcc/arm-atollic-eabi/6.3.1/armv7e-m/fpu/fpv5-sp-d16\libgcc.a(_udivmoddi4.o)
